<area shape="rect" href="$classPToPSwitchArbiter.html#752c022c63e6552d06798d65e634f8d4" title="PToPSwitchArbiter::clear_winner" alt="" coords="317,5,528,32">
<area shape="rect" href="$classGenericCrossbar.html#b1dc236c4543805ac9fd50f25adcc27e" title="GenericCrossbar::is_empty" alt="" coords="333,56,512,83">
<area shape="rect" href="$classSimulator.html#cf5727f517db6743ddf25ae7cc9a8db4" title="Simulator::Now" alt="" coords="649,113,759,140">
<area shape="rect" href="$classNetworkComponent.html#c93793eea1e2d424abe86e110ca8b399" title="NetworkComponent::process_event" alt="" coords="591,189,817,216">
<area shape="rect" href="$classGenericCrossbar.html#3c3fa82ff5db189ec69497f79e15112c" title="GenericCrossbar::pull" alt="" coords="349,309,496,336">
<area shape="rect" href="$classSimulator.html#2b4be0a76ed9915d4c1c861386d666bc" title="Simulator::Schedule" alt="" coords="635,252,773,279">
<area shape="rect" href="$classGenericRouterPhy.html#f1f981db54295f8af0c8404f1c5a4460" title="GenericRouterPhy::send_credit_back" alt="" coords="304,157,541,184">
<area shape="rect" href="$classGenericRouterPhy.html#5f62a081acb4d368f121e8cb2bac20bc" title="GenericRouterPhy::toString" alt="" coords="333,360,512,387">
<area shape="rect" href="$classGenericCrossbar.html#6794211c84eda89c8ff8e2460d5201fc" title="GenericCrossbar::toString" alt="" coords="619,385,789,412">
<area shape="rect" href="$classPToPSwitchArbiter.html#f85a552b1be155e2717c197a51799414" title="PToPSwitchArbiter::toString" alt="" coords="612,335,796,361">
