<area shape="rect" href="$classGenericBuffer.html" title="{GenericBuffer\n|+ buffers\l+ next_port\l&#45; credits\l&#45; vcs\l&#45; buffer_size\l&#45; max_credits\l&#45; pull_channel\l&#45; push_channel\l|+ GenericBuffer()\l+ ~GenericBuffer()\l+ push()\l+ pull()\l+ peek()\l+ get_occupancy()\l+ resize()\l+ get_no_vcs()\l+ change_pull_channel()\l+ change_push_channel()\l+ get_pull_channel()\l+ get_push_channel()\l+ is_channel_full()\l+ is_empty()\l+ toString()\l+ got_credit()\l+ get_no_credits()\l+ set_no_credits()\l}" alt="" coords="5,197,176,661">
<area shape="rect" href="$classInputBuffer.html" title="{InputBuffer\n||+ InputBuffer()\l+ ~InputBuffer()\l+ set_no_vc()\l+ get_no_vc()\l+ change_pull_channel()\l+ change_push_channel()\l+ get_pull_channel()\l+ get_push_channel()\l+ is_channel_full()\l+ is_empty()\l}" alt="" coords="200,317,371,541">
<area shape="rect" href="$classOutputBuffer.html" title="{OutputBuffer\n||+ OutputBuffer()\l+ ~OutputBuffer()\l+ get_no_vcs()\l+ change_pull_channel()\l+ change_push_channel()\l+ get_pull_channel()\l+ get_push_channel()\l+ is_channel_full()\l+ is_empty()\l}" alt="" coords="395,325,565,533">
