<area shape="rect" href="$classGenericRouterPhy.html#8c810a8b8c491e521d255425022cf155" title="GenericRouterPhy::do_input_buffering" alt="" coords="301,87,541,113">
<area shape="rect" href="$classSimulator.html#cf5727f517db6743ddf25ae7cc9a8db4" title="Simulator::Now" alt="" coords="1267,404,1376,431">
<area shape="rect" href="$classGenericRouterPhy.html#27fb33d3c9528b0a519b5d39bb019009" title="GenericRouterPhy::do_switch_allocation" alt="" coords="293,315,549,341">
<area shape="rect" href="$classGenericRouterPhy.html#3953e00f7d6a719af68097c551a02572" title="GenericRouterPhy::do_switch_traversal" alt="" coords="296,669,547,696">
<area shape="rect" href="$classNetworkComponent.html#c93793eea1e2d424abe86e110ca8b399" title="NetworkComponent::process_event" alt="" coords="937,593,1164,620">
<area shape="rect" href="$classSimulator.html#2b4be0a76ed9915d4c1c861386d666bc" title="Simulator::Schedule" alt="" coords="981,492,1120,519">
<area shape="rect" href="$classGenericRouterPhy.html#5f62a081acb4d368f121e8cb2bac20bc" title="GenericRouterPhy::toString" alt="" coords="627,897,805,924">
<area shape="rect" href="$classPToPSwitchArbiter.html#3c4eeb723ecb521a82a4518820e48896" title="PToPSwitchArbiter::is_requested" alt="" coords="316,771,527,797">
<area shape="rect" href="$classPToPSwitchArbiter.html#34e8394265869ee076610c67e4cf5de7" title="PToPSwitchArbiter::request" alt="" coords="331,897,512,924">
<area shape="rect" href="$classPToPSwitchArbiter.html#c21620597bbc0344eec88c21b254a310" title="PToPSwitchArbiter::clear_requested" alt="" coords="601,391,831,417">
<area shape="rect" href="$classGenericCrossbar.html#50c8203133960f74f6d82649b0c864be" title="GenericCrossbar::configure_crossbar" alt="" coords="599,188,833,215">
<area shape="rect" href="$classPToPSwitchArbiter.html#20a229615b20e987aaa0291af0805e31" title="PToPSwitchArbiter::is_empty" alt="" coords="620,239,812,265">
<area shape="rect" href="$classPToPSwitchArbiter.html#8b304c2fc07b6c0d55ce25b621a9f685" title="PToPSwitchArbiter::pick_winner" alt="" coords="613,289,819,316">
<area shape="rect" href="$classGenericCrossbar.html#d925d4a2c3b5b4585e087dc423eeb0b8" title="GenericCrossbar::push" alt="" coords="639,340,793,367">
<area shape="rect" href="$classPToPSwitchArbiter.html#3e59f4eb3486f1b5355476c50550f702" title="PToPSwitchArbiter::do_fcfs_arbitration" alt="" coords="928,264,1173,291">
<area shape="rect" href="$classPToPSwitchArbiter.html#012ef93786c879ce0c3db3891d43a9be" title="PToPSwitchArbiter::do_priority_round_robin_arbitration" alt="" coords="883,315,1219,341">
<area shape="rect" href="$classPToPSwitchArbiter.html#bb10205ca5104e0be5519bd336fb85e1" title="PToPSwitchArbiter::do_round_robin_arbitration" alt="" coords="905,365,1196,392">
<area shape="rect" href="$classPToPSwitchArbiter.html#752c022c63e6552d06798d65e634f8d4" title="PToPSwitchArbiter::clear_winner" alt="" coords="611,796,821,823">
<area shape="rect" href="$classGenericCrossbar.html#b1dc236c4543805ac9fd50f25adcc27e" title="GenericCrossbar::is_empty" alt="" coords="627,847,805,873">
<area shape="rect" href="$classGenericCrossbar.html#3c3fa82ff5db189ec69497f79e15112c" title="GenericCrossbar::pull" alt="" coords="643,695,789,721">
<area shape="rect" href="$classGenericRouterPhy.html#f1f981db54295f8af0c8404f1c5a4460" title="GenericRouterPhy::send_credit_back" alt="" coords="597,543,835,569">
<area shape="rect" href="$classGenericCrossbar.html#6794211c84eda89c8ff8e2460d5201fc" title="GenericCrossbar::toString" alt="" coords="965,847,1136,873">
<area shape="rect" href="$classPToPSwitchArbiter.html#f85a552b1be155e2717c197a51799414" title="PToPSwitchArbiter::toString" alt="" coords="959,897,1143,924">
