<area shape="rect" href="$classGenericTracePktGen.html#18094c3670d8a280464c5772edb85b48" title="GenericTracePktGen::handle_new_packet_event" alt="" coords="227,5,531,32">
<area shape="rect" href="$classGenericSink.html#6174bc22b2c2a79245adf8caa952f10c" title="GenericSink::handle_new_packet_event" alt="" coords="252,107,505,133">
<area shape="rect" href="$classGenericPktGen.html#723f3274d26de2df9c216d5aadd82efd" title="GenericPktGen::handle_new_packet_event" alt="" coords="243,157,515,184">
<area shape="rect" href="$classGenericInterfaceNB.html#085bd6c0e2ff0cdb769ac35ef6068cb2" title="GenericInterfaceNB::handle_new_packet_event" alt="" coords="231,259,527,285">
<area shape="rect" href="$classGenericTracePktGen.html#11e23564058d517995f1fb24be20c689" title="GenericTracePktGen::handle_out_pull_event" alt="" coords="239,56,519,83">
<area shape="rect" href="$classGenericRPG.html#7ff274e7a0d37b81495a9ce2a829b8e2" title="GenericRPG::handle_out_pull_event" alt="" coords="263,309,495,336">
<area shape="rect" href="$classGenericPktGen.html#4bedd2226fc5a7b59edacd81e0c1b070" title="GenericPktGen::handle_out_pull_event" alt="" coords="255,208,503,235">
<area shape="rect" href="$classGenericInterfacePhy.html#66a4c49b58717a5a20c8bbfe9df8543a" title="GenericInterfacePhy::handle_tick_event" alt="" coords="252,360,505,387">
<area shape="rect" href="$classGenericTracePktGen.html#dca708a38234e07003e598f3b3caac7c" title="GenericTracePktGen::process_event" alt="" coords="580,31,815,57">
<area shape="rect" href="$classGenericSink.html#a0beb58f52adfe869ba47f4b51537409" title="GenericSink::process_event" alt="" coords="605,107,789,133">
<area shape="rect" href="$classGenericPktGen.html#f8cedbd9e304e11e3aa04a7125d628e9" title="GenericPktGen::process_event" alt="" coords="596,183,799,209">
<area shape="rect" href="$classGenericInterfaceNB.html#18b4d5f008338433e7a459202cacd1ec" title="GenericInterfaceNB::process_event" alt="" coords="584,259,811,285">
<area shape="rect" href="$classGenericInterfaceNB.html#ba1264d2cd3d4b19b47f31868414e6b2" title="GenericInterfaceNB::handle_link_arrival" alt="" coords="867,233,1117,260">
<area shape="rect" href="$classGenericInterfaceNB.html#52cd382b94dc781cddb1d733584fa67c" title="GenericInterfaceNB::handle_tick_event" alt="" coords="868,284,1116,311">
<area shape="rect" href="$classGenericRPG.html#72d08c87beeb16514c6c81af3296f6af" title="GenericRPG::process_event" alt="" coords="604,309,791,336">
<area shape="rect" href="$classGenericInterfacePhy.html#66af4b700231c32fde543414bb56708f" title="GenericInterfacePhy::process_event" alt="" coords="581,360,813,387">
<area shape="rect" href="$classGenericInterfacePhy.html#7a5f09a7ec40893278e3b3208e1b5fdf" title="GenericInterfacePhy::handle_link_arrival" alt="" coords="864,360,1120,387">
