<area shape="rect" href="$classGenericInterfacePhy.html#7a5f09a7ec40893278e3b3208e1b5fdf" title="GenericInterfacePhy::handle_link_arrival" alt="" coords="311,233,567,260">
<area shape="rect" href="$classGenericInterfacePhy.html#68cc551b3cacdbd4564a2d1a5eb6e4ed" title="GenericInterfacePhy::handle_new_packet_event" alt="" coords="288,132,589,159">
<area shape="rect" href="$classGenericInterfacePhy.html#f205d638a21eda3dd6ac3c4decc2827d" title="GenericInterfacePhy::handle_ready_event" alt="" coords="307,183,571,209">
<area shape="rect" href="$classGenericInterfacePhy.html#66a4c49b58717a5a20c8bbfe9df8543a" title="GenericInterfacePhy::handle_tick_event" alt="" coords="312,335,565,361">
<area shape="rect" href="$classGenericBuffer.html#31e2c8b678d219fcc5d6e351f2f8623c" title="GenericBuffer::change_push_channel" alt="" coords="649,259,887,285">
<area shape="rect" href="$classSimulator.html#cf5727f517db6743ddf25ae7cc9a8db4" title="Simulator::Now" alt="" coords="713,208,823,235">
<area shape="rect" href="$classNetworkComponent.html#c93793eea1e2d424abe86e110ca8b399" title="NetworkComponent::process_event" alt="" coords="655,107,881,133">
<area shape="rect" href="$classGenericBuffer.html#c5a0781106485f9567898b49021f6346" title="GenericBuffer::push" alt="" coords="700,309,836,336">
<area shape="rect" href="$classSimulator.html#2b4be0a76ed9915d4c1c861386d666bc" title="Simulator::Schedule" alt="" coords="699,157,837,184">
<area shape="rect" href="$classHighLevelPacket.html#03017f87443d346d08e8ebb4281073c1" title="HighLevelPacket::to_low_level_packet" alt="" coords="647,56,889,83">
<area shape="rect" href="$classBodyFlit.html#16020481654a7620d6e35c8a569ca0ad" title="BodyFlit::populate_body_flit" alt="" coords="948,5,1129,32">
<area shape="rect" href="$classHeadFlit.html#6a0b5e2ddf99c2722b2d06ca103707f8" title="HeadFlit::populate_head_flit" alt="" coords="948,56,1129,83">
<area shape="rect" href="$classTailFlit.html#76f8023394ec32a7038300b285bfd5fd" title="TailFlit::populate_tail_flit" alt="" coords="959,107,1119,133">
<area shape="rect" href="$classFlit.html#c290470e490b600742672da65d4b42f0" title="Flit::populate_phit_data" alt="" coords="1180,56,1335,83">
<area shape="rect" href="$classGenericBuffer.html#6d7fe4a638dc7eb0358c3490bf8d2cf4" title="GenericBuffer::change_pull_channel" alt="" coords="653,563,883,589">
<area shape="rect" href="$classHighLevelPacket.html#6a4e25020ea0c66aab015e9c2a2c8c85" title="HighLevelPacket::from_low_level_packet" alt="" coords="639,613,897,640">
<area shape="rect" href="$classGenericBuffer.html#f2f85cf979616bab9dad5373d25d7813" title="GenericBuffer::get_occupancy" alt="" coords="671,664,865,691">
<area shape="rect" href="$classGenericBuffer.html#33f4da37e6bc646d6fa710a27917b817" title="GenericBuffer::peek" alt="" coords="700,360,836,387">
<area shape="rect" href="$classGenericBuffer.html#6ce6f151eb6f65ec1fffafffb04a8f0e" title="GenericBuffer::pull" alt="" coords="704,411,832,437">
<area shape="rect" href="$classHighLevelPacket.html#a2292ef0554d515cf08aeed8ca46d419" title="HighLevelPacket::toString" alt="" coords="683,461,853,488">
<area shape="rect" href="$classGenericInterfacePhy.html#d71a7afbee2754d3fafade4045542361" title="GenericInterfacePhy::toString" alt="" coords="672,512,864,539">
<area shape="rect" href="$classGenericBuffer.html#3e9808bf28490fcc38ba13e7eb6ef501" title="GenericBuffer::toString" alt="" coords="963,512,1115,539">
