<area shape="rect" href="$classPToPSwitchArbiter.html#c21620597bbc0344eec88c21b254a310" title="PToPSwitchArbiter::clear_requested" alt="" coords="313,5,543,32">
<area shape="rect" href="$classGenericCrossbar.html#50c8203133960f74f6d82649b0c864be" title="GenericCrossbar::configure_crossbar" alt="" coords="311,56,545,83">
<area shape="rect" href="$classPToPSwitchArbiter.html#20a229615b20e987aaa0291af0805e31" title="PToPSwitchArbiter::is_empty" alt="" coords="332,107,524,133">
<area shape="rect" href="$classPToPSwitchArbiter.html#8b304c2fc07b6c0d55ce25b621a9f685" title="PToPSwitchArbiter::pick_winner" alt="" coords="325,157,531,184">
<area shape="rect" href="$classGenericCrossbar.html#d925d4a2c3b5b4585e087dc423eeb0b8" title="GenericCrossbar::push" alt="" coords="351,208,505,235">
<area shape="rect" href="$classPToPSwitchArbiter.html#3e59f4eb3486f1b5355476c50550f702" title="PToPSwitchArbiter::do_fcfs_arbitration" alt="" coords="640,107,885,133">
<area shape="rect" href="$classPToPSwitchArbiter.html#012ef93786c879ce0c3db3891d43a9be" title="PToPSwitchArbiter::do_priority_round_robin_arbitration" alt="" coords="595,157,931,184">
<area shape="rect" href="$classPToPSwitchArbiter.html#bb10205ca5104e0be5519bd336fb85e1" title="PToPSwitchArbiter::do_round_robin_arbitration" alt="" coords="617,208,908,235">
<area shape="rect" href="$classSimulator.html#cf5727f517db6743ddf25ae7cc9a8db4" title="Simulator::Now" alt="" coords="979,107,1088,133">
