<area shape="rect" href="$classGenericPktGen.html#723f3274d26de2df9c216d5aadd82efd" title="GenericPktGen::handle_new_packet_event" alt="" coords="259,107,531,133">
<area shape="rect" href="$classGenericPktGen.html#4bedd2226fc5a7b59edacd81e0c1b070" title="GenericPktGen::handle_out_pull_event" alt="" coords="271,56,519,83">
<area shape="rect" href="$classGenericPktGen.html#2c333af65f2431f8a1a97ce2a70264d6" title="GenericPktGen::handle_ready_event" alt="" coords="277,5,512,32">
<area shape="rect" href="$classSimulator.html#cf5727f517db6743ddf25ae7cc9a8db4" title="Simulator::Now" alt="" coords="639,5,748,32">
<area shape="rect" href="$classNetworkComponent.html#c93793eea1e2d424abe86e110ca8b399" title="NetworkComponent::process_event" alt="" coords="580,56,807,83">
<area shape="rect" href="$classSimulator.html#2b4be0a76ed9915d4c1c861386d666bc" title="Simulator::Schedule" alt="" coords="624,107,763,133">
<area shape="rect" href="$classHighLevelPacket.html#a2292ef0554d515cf08aeed8ca46d419" title="HighLevelPacket::toString" alt="" coords="608,157,779,184">
