<area shape="rect" href="$classGenericSink.html#6174bc22b2c2a79245adf8caa952f10c" title="GenericSink::handle_new_packet_event" alt="" coords="240,81,493,108">
<area shape="rect" href="$classGenericSink.html#602fc60536235f661e77ffad2791602a" title="GenericSink::handle_out_pull_event" alt="" coords="252,132,481,159">
<area shape="rect" href="$classGenericSink.html#f9dfbdf5cb244fd53a69742595756f68" title="GenericSink::handle_ready_event" alt="" coords="259,183,475,209">
<area shape="rect" href="$classSimulator.html#cf5727f517db6743ddf25ae7cc9a8db4" title="Simulator::Now" alt="" coords="601,5,711,32">
<area shape="rect" href="$classNetworkComponent.html#c93793eea1e2d424abe86e110ca8b399" title="NetworkComponent::process_event" alt="" coords="543,56,769,83">
<area shape="rect" href="$classSimulator.html#2b4be0a76ed9915d4c1c861386d666bc" title="Simulator::Schedule" alt="" coords="587,107,725,133">
<area shape="rect" href="$classHighLevelPacket.html#a2292ef0554d515cf08aeed8ca46d419" title="HighLevelPacket::toString" alt="" coords="571,157,741,184">
