<area shape="rect" href="$classRouterVcMP.html#7c9f138231872300198db517131ea9ee" title="RouterVcMP::init" alt="" coords="247,5,367,32">
<area shape="rect" href="$classRouterReqReply.html#640bb40bcfbafb6e5c21a2c3dc8bf5fc" title="RouterReqReply::init" alt="" coords="237,56,376,83">
<area shape="rect" href="$classGenericRouterPhy.html#f6038f8e3269bb7639fad51478761e19" title="GenericRouterPhy::init" alt="" coords="231,107,383,133">
<area shape="rect" href="$classGenericRouter4Stg.html#c864e246ee8060cd42492cf6971ac8ca" title="GenericRouter4Stg::init" alt="" coords="229,157,384,184">
<area shape="rect" href="$classNetworkComponent.html#fbc5367d657f132a271f4e48c1523790" title="NetworkComponent::NetworkComponent" alt="" coords="179,208,435,235">
<area shape="rect" href="$classMcFrontEnd.html#9fc5fe18fc943e82df8875f4dafcf38e" title="McFrontEnd::setup" alt="" coords="241,259,372,285">
<area shape="rect" href="$classGenericTracePktGen.html#16735d1c084f594fd3bb5e9df980e82d" title="GenericTracePktGen::setup" alt="" coords="216,309,397,336">
<area shape="rect" href="$classGenericSink.html#49d81c43be1b9ec34190d4c2abc2babb" title="GenericSink::setup" alt="" coords="241,360,372,387">
<area shape="rect" href="$classGenericRPG.html#20d03e727205897b6a7e55ba15badff0" title="GenericRPG::setup" alt="" coords="240,411,373,437">
<area shape="rect" href="$classGenericPktGen.html#69148e7108179dfa7674bd596c4eb5ea" title="GenericPktGen::setup" alt="" coords="232,461,381,488">
<area shape="rect" href="$classGenericLink.html#8afec492b9c0a403462c2cf1001adc77" title="GenericLink::setup" alt="" coords="241,512,372,539">
<area shape="rect" href="$classGenericInterfacePhy.html#72a42a08895a871ce8b6acfc76c4ad8d" title="GenericInterfacePhy::setup" alt="" coords="217,563,396,589">
<area shape="rect" href="$classGenericInterfaceNB.html#00487a6f07057e98d024c2daeff0a2c1" title="GenericInterfaceNB::setup" alt="" coords="219,613,395,640">
<area shape="rect" href="$classGenericFlatMc.html#16a89fa62af68252e19a1166569c57fa" title="GenericFlatMc::setup" alt="" coords="233,664,380,691">
