<area shape="rect" href="$classPToPSwitchArbiterVcs.html#78a137f4c943b0e2fe41ec07cf744d8c" title="PToPSwitchArbiterVcs::clear_requestor" alt="" coords="309,5,560,32">
<area shape="rect" href="$classGenericVcAllocator.html#a4f1939dca67958c3db027a0f5f29535" title="GenericVcAllocator::clear_winner" alt="" coords="328,56,541,83">
<area shape="rect" href="$classGenericCrossbar.html#b1dc236c4543805ac9fd50f25adcc27e" title="GenericCrossbar::is_empty" alt="" coords="345,107,524,133">
<area shape="rect" href="$classSimulator.html#cf5727f517db6743ddf25ae7cc9a8db4" title="Simulator::Now" alt="" coords="668,208,777,235">
<area shape="rect" href="$classNetworkComponent.html#c93793eea1e2d424abe86e110ca8b399" title="NetworkComponent::process_event" alt="" coords="609,284,836,311">
<area shape="rect" href="$classGenericCrossbar.html#3c3fa82ff5db189ec69497f79e15112c" title="GenericCrossbar::pull" alt="" coords="361,411,508,437">
<area shape="rect" href="$classPToPSwitchArbiterVcs.html#abe8b9b7e2197d9b9b71648c80fb5489" title="PToPSwitchArbiterVcs::request" alt="" coords="333,157,536,184">
<area shape="rect" href="$classSimulator.html#2b4be0a76ed9915d4c1c861386d666bc" title="Simulator::Schedule" alt="" coords="653,335,792,361">
<area shape="rect" href="$classGenericRouter4Stg.html#2913f7731552a423d7b1cc46ae4f02fc" title="GenericRouter4Stg::send_credit_back" alt="" coords="315,309,555,336">
