<area shape="rect" href="$classGenericTracePktGen.html#61301e6076553a6e60238503fdc000b5" title="GenericTracePktGen::convertToBitStream" alt="" coords="335,5,599,32">
<area shape="rect" href="$classGenericTracePktGen.html#c04aa087e52abed01995e636375eb985" title="GenericTracePktGen::GetNextRequest" alt="" coords="344,56,589,83">
<area shape="rect" href="$classGenericTracePktGen.html#d9d0622d81d44f93be776d40d65c6013" title="GenericTracePktGen::GetRequest" alt="" coords="357,107,576,133">
<area shape="rect" href="$classSimulator.html#cf5727f517db6743ddf25ae7cc9a8db4" title="Simulator::Now" alt="" coords="941,132,1051,159">
<area shape="rect" href="$classNetworkComponent.html#c93793eea1e2d424abe86e110ca8b399" title="NetworkComponent::process_event" alt="" coords="353,208,580,235">
<area shape="rect" href="$classSimulator.html#2b4be0a76ed9915d4c1c861386d666bc" title="Simulator::Schedule" alt="" coords="397,259,536,285">
<area shape="rect" href="$classHighLevelPacket.html#a2292ef0554d515cf08aeed8ca46d419" title="HighLevelPacket::toString" alt="" coords="381,309,552,336">
<area shape="rect" href="$classGenericTracePktGen.html#fdd8e471676dca21d3e6b0d15af387b7" title="GenericTracePktGen::GetNewRequest" alt="" coords="649,107,892,133">
