<area shape="rect" href="$classComponent.html#af44955457bc84fa39a346ee70db916f" title="Component::myId" alt="" coords="264,5,387,32">
<area shape="rect" href="$classSimulator.html#cf5727f517db6743ddf25ae7cc9a8db4" title="Simulator::Now" alt="" coords="271,56,380,83">
<area shape="rect" href="$classNetworkComponent.html#c93793eea1e2d424abe86e110ca8b399" title="NetworkComponent::process_event" alt="" coords="212,107,439,133">
<area shape="rect" href="$classPToPSwitchArbiterVcs.html#f5c5a064d2a62465cd28a5e3e7e61ea0" title="PToPSwitchArbiterVcs::resize" alt="" coords="228,157,423,184">
<area shape="rect" href="$classSimulator.html#2b4be0a76ed9915d4c1c861386d666bc" title="Simulator::Schedule" alt="" coords="256,208,395,235">
<area shape="rect" href="$classGenericCrossbar.html#faf50c5370ef059d1aed86b01d757b6a" title="GenericCrossbar::setup" alt="" coords="247,259,404,285">
<area shape="rect" href="$classGenericVcAllocator.html#d55f9ef975c75d1c9f4dc8b47a2399ae" title="GenericVcAllocator::setup" alt="" coords="239,309,412,336">
