<area shape="rect" href="$classRouterVcMP.html#391723cef53841e90d34bead49c09033" title="RouterVcMP::do_input_buffering" alt="" coords="607,33,815,60">
<area shape="rect" href="$classSimulator.html#cf5727f517db6743ddf25ae7cc9a8db4" title="Simulator::Now" alt="" coords="945,59,1055,85">
<area shape="rect" href="$classRouterVcMP.html#c7ebb395b81cf6fd0a7c5d991a5d43fd" title="RouterVcMP::do_switch_allocation" alt="" coords="287,439,511,465">
<area shape="rect" href="$classRouterVcMP.html#08d4fe4868e988f97d01447ec0f6a684" title="RouterVcMP::do_switch_traversal" alt="" coords="289,211,508,237">
<area shape="rect" href="$classNetworkComponent.html#c93793eea1e2d424abe86e110ca8b399" title="NetworkComponent::process_event" alt="" coords="887,185,1113,212">
<area shape="rect" href="$classSimulator.html#2b4be0a76ed9915d4c1c861386d666bc" title="Simulator::Schedule" alt="" coords="931,236,1069,263">
<area shape="rect" href="$classRouterVcMP.html#eda9728e40e878050efc9b33e9f00b8e" title="RouterVcMP::do_virtual_channel_allocation" alt="" coords="263,287,535,313">
<area shape="rect" href="$classRouterVcMP.html#cdddaf6c07af49b76d9f5cfdb41ad2fe" title="RouterVcMP::request_switch_allocation" alt="" coords="585,287,836,313">
<area shape="rect" href="$classRouterVcMP.html#b417be493eec592bcbfee9c11ced11a9" title="RouterVcMP::send_credit_back" alt="" coords="608,135,813,161">
