<area shape="rect" href="$classMesh.html" title="{Mesh\n|&#45; ports\l&#45; vcs\l&#45; credits\l&#45; buffer_size\l&#45; no_nodes\l&#45; links\l&#45; grid_size\l|+ Mesh()\l+ ~Mesh()\l+ init()\l+ setup()\l+ connect_interface_processor()\l+ connect_interface_routers()\l+ connect_routers()\l+ print_stats()\l+ set_max_phy_link_bits()\l}" alt="" coords="5,389,213,693">
<area shape="rect" href="$classRing.html" title="{Ring\n|&#45; ports\l&#45; vcs\l&#45; credits\l&#45; buffer_size\l&#45; no_nodes\l&#45; links\l&#45; grid_size\l|+ Ring()\l+ ~Ring()\l+ init()\l+ setup()\l+ connect_interface_processor()\l+ connect_interface_routers()\l+ connect_routers()\l+ print_stats()\l+ set_max_phy_link_bits()\l}" alt="" coords="237,389,445,693">
<area shape="rect" href="$classTorus.html" title="{Torus\n|&#45; ports\l&#45; vcs\l&#45; credits\l&#45; buffer_size\l&#45; no_nodes\l&#45; links\l&#45; grid_size\l|+ Torus()\l+ ~Torus()\l+ init()\l+ setup()\l+ connect_interface_processor()\l+ connect_interface_routers()\l+ connect_routers()\l+ print_stats()\l+ set_max_phy_link_bits()\l}" alt="" coords="469,389,677,693">
