<area shape="rect" href="$classPToPSwitchArbiterVcs.html#78a137f4c943b0e2fe41ec07cf744d8c" title="PToPSwitchArbiterVcs::clear_requestor" alt="" coords="315,5,565,32">
<area shape="rect" href="$classGenericCrossbar.html#50c8203133960f74f6d82649b0c864be" title="GenericCrossbar::configure_crossbar" alt="" coords="323,56,557,83">
<area shape="rect" href="$classPToPSwitchArbiterVcs.html#a346b5f33fbb252e2ec942caa7243922" title="PToPSwitchArbiterVcs::is_empty" alt="" coords="333,107,547,133">
<area shape="rect" href="$classPToPSwitchArbiterVcs.html#39274b4ccaad44c9217f150a30bba0e7" title="PToPSwitchArbiterVcs::pick_winner" alt="" coords="325,157,555,184">
<area shape="rect" href="$classGenericCrossbar.html#d925d4a2c3b5b4585e087dc423eeb0b8" title="GenericCrossbar::push" alt="" coords="363,208,517,235">
<area shape="rect" href="$classPToPSwitchArbiterVcs.html#e8adb19a43c5674bae5f4cab64b58a14" title="PToPSwitchArbiterVcs::do_round_robin_arbitration" alt="" coords="615,157,927,184">
<area shape="rect" href="$classSimulator.html#cf5727f517db6743ddf25ae7cc9a8db4" title="Simulator::Now" alt="" coords="976,157,1085,184">
