<area shape="rect" href="$classGenericBuffer.html#6d7fe4a638dc7eb0358c3490bf8d2cf4" title="GenericBuffer::change_pull_channel" alt="" coords="317,5,547,32">
<area shape="rect" href="$classGenericBuffer.html#31e2c8b678d219fcc5d6e351f2f8623c" title="GenericBuffer::change_push_channel" alt="" coords="959,183,1196,209">
<area shape="rect" href="$classGenericArbiter.html#137758be6498b8dc717cf4d4c8bc56be" title="GenericArbiter::clear_winner" alt="" coords="340,107,524,133">
<area shape="rect" href="$classHighLevelPacket.html#6a4e25020ea0c66aab015e9c2a2c8c85" title="HighLevelPacket::from_low_level_packet" alt="" coords="303,157,561,184">
<area shape="rect" href="$classGenericBuffer.html#f2f85cf979616bab9dad5373d25d7813" title="GenericBuffer::get_occupancy" alt="" coords="335,208,529,235">
<area shape="rect" href="$classGenericArbiter.html#334fbdb8fc6071936b0d05a5778cc714" title="GenericArbiter::is_empty" alt="" coords="349,259,515,285">
<area shape="rect" href="$classSimulator.html#cf5727f517db6743ddf25ae7cc9a8db4" title="Simulator::Now" alt="" coords="1023,411,1132,437">
<area shape="rect" href="$classGenericArbiter.html#4a5b38f3d16471a75c0c35fc1ecb3031" title="GenericArbiter::pick_winner" alt="" coords="343,360,521,387">
<area shape="rect" href="$classGenericInterfaceNB.html#18b4d5f008338433e7a459202cacd1ec" title="GenericInterfaceNB::process_event" alt="" coords="319,461,545,488">
<area shape="rect" href="$classNetworkComponent.html#c93793eea1e2d424abe86e110ca8b399" title="NetworkComponent::process_event" alt="" coords="964,461,1191,488">
<area shape="rect" href="$classGenericBuffer.html#c5a0781106485f9567898b49021f6346" title="GenericBuffer::push" alt="" coords="1009,613,1145,640">
<area shape="rect" href="$classSimulator.html#2b4be0a76ed9915d4c1c861386d666bc" title="Simulator::Schedule" alt="" coords="1008,360,1147,387">
<area shape="rect" href="$classGenericBuffer.html#6ce6f151eb6f65ec1fffafffb04a8f0e" title="GenericBuffer::pull" alt="" coords="368,664,496,691">
<area shape="rect" href="$classGenericArbiter.html#88ab811caecaf5738fc32143a35a482f" title="GenericArbiter::request" alt="" coords="355,715,509,741">
<area shape="rect" href="$classGenericInterfaceNB.html#ba1264d2cd3d4b19b47f31868414e6b2" title="GenericInterfaceNB::handle_link_arrival" alt="" coords="633,411,884,437">
<area shape="rect" href="$classGenericInterfaceNB.html#085bd6c0e2ff0cdb769ac35ef6068cb2" title="GenericInterfaceNB::handle_new_packet_event" alt="" coords="611,512,907,539">
<area shape="rect" href="$classGenericInterfaceNB.html#e9eed43b1d2b4b41cf76e0a1e0b8aced" title="GenericInterfaceNB::handle_ready_event" alt="" coords="629,461,888,488">
<area shape="rect" href="$classHighLevelPacket.html#03017f87443d346d08e8ebb4281073c1" title="HighLevelPacket::to_low_level_packet" alt="" coords="956,563,1199,589">
<area shape="rect" href="$classHighLevelPacket.html#a2292ef0554d515cf08aeed8ca46d419" title="HighLevelPacket::toString" alt="" coords="992,512,1163,539">
<area shape="rect" href="$classBodyFlit.html#16020481654a7620d6e35c8a569ca0ad" title="BodyFlit::populate_body_flit" alt="" coords="1249,512,1431,539">
<area shape="rect" href="$classHeadFlit.html#6a0b5e2ddf99c2722b2d06ca103707f8" title="HeadFlit::populate_head_flit" alt="" coords="1249,563,1431,589">
<area shape="rect" href="$classTailFlit.html#76f8023394ec32a7038300b285bfd5fd" title="TailFlit::populate_tail_flit" alt="" coords="1260,613,1420,640">
<area shape="rect" href="$classFlit.html#c290470e490b600742672da65d4b42f0" title="Flit::populate_phit_data" alt="" coords="1481,563,1636,589">
