<area shape="rect" href="$classHighLevelPacket.html#03017f87443d346d08e8ebb4281073c1" title="HighLevelPacket::to_low_level_packet" alt="" coords="239,81,481,108">
<area shape="rect" href="$classGenericInterfacePhy.html#68cc551b3cacdbd4564a2d1a5eb6e4ed" title="GenericInterfacePhy::handle_new_packet_event" alt="" coords="531,56,832,83">
<area shape="rect" href="$classGenericInterfaceNB.html#085bd6c0e2ff0cdb769ac35ef6068cb2" title="GenericInterfaceNB::handle_new_packet_event" alt="" coords="533,107,829,133">
<area shape="rect" href="$classGenericInterfacePhy.html#66af4b700231c32fde543414bb56708f" title="GenericInterfacePhy::process_event" alt="" coords="881,56,1113,83">
<area shape="rect" href="$classGenericInterfacePhy.html#7a5f09a7ec40893278e3b3208e1b5fdf" title="GenericInterfacePhy::handle_link_arrival" alt="" coords="1163,5,1419,32">
<area shape="rect" href="$classGenericInterfacePhy.html#66a4c49b58717a5a20c8bbfe9df8543a" title="GenericInterfacePhy::handle_tick_event" alt="" coords="1164,56,1417,83">
<area shape="rect" href="$classGenericInterfaceNB.html#18b4d5f008338433e7a459202cacd1ec" title="GenericInterfaceNB::process_event" alt="" coords="884,107,1111,133">
<area shape="rect" href="$classGenericInterfaceNB.html#ba1264d2cd3d4b19b47f31868414e6b2" title="GenericInterfaceNB::handle_link_arrival" alt="" coords="1165,107,1416,133">
<area shape="rect" href="$classGenericInterfaceNB.html#52cd382b94dc781cddb1d733584fa67c" title="GenericInterfaceNB::handle_tick_event" alt="" coords="1167,157,1415,184">
