<area shape="rect" href="$classGenericTracePktGen.html#18094c3670d8a280464c5772edb85b48" title="GenericTracePktGen::handle_new_packet_event" alt="" coords="291,157,595,184">
<area shape="rect" href="$classGenericTracePktGen.html#11e23564058d517995f1fb24be20c689" title="GenericTracePktGen::handle_out_pull_event" alt="" coords="303,284,583,311">
<area shape="rect" href="$classGenericTracePktGen.html#21170d881355141c992d767d4bed1d5f" title="GenericTracePktGen::handle_ready_event" alt="" coords="309,208,576,235">
<area shape="rect" href="$classGenericTracePktGen.html#2e91d18b6d8f98bd10a43f0aa5e0537d" title="GenericTracePktGen::convertFromBitStream" alt="" coords="644,5,924,32">
<area shape="rect" href="$classSimulator.html#cf5727f517db6743ddf25ae7cc9a8db4" title="Simulator::Now" alt="" coords="1267,259,1376,285">
<area shape="rect" href="$classNetworkComponent.html#c93793eea1e2d424abe86e110ca8b399" title="NetworkComponent::process_event" alt="" coords="671,157,897,184">
<area shape="rect" href="$classSimulator.html#2b4be0a76ed9915d4c1c861386d666bc" title="Simulator::Schedule" alt="" coords="715,208,853,235">
<area shape="rect" href="$classHighLevelPacket.html#a2292ef0554d515cf08aeed8ca46d419" title="HighLevelPacket::toString" alt="" coords="699,259,869,285">
<area shape="rect" href="$classGenericTracePktGen.html#61301e6076553a6e60238503fdc000b5" title="GenericTracePktGen::convertToBitStream" alt="" coords="652,309,916,336">
<area shape="rect" href="$classGenericTracePktGen.html#c04aa087e52abed01995e636375eb985" title="GenericTracePktGen::GetNextRequest" alt="" coords="661,360,907,387">
<area shape="rect" href="$classGenericTracePktGen.html#d9d0622d81d44f93be776d40d65c6013" title="GenericTracePktGen::GetRequest" alt="" coords="675,461,893,488">
<area shape="rect" href="$classGenericTracePktGen.html#fdd8e471676dca21d3e6b0d15af387b7" title="GenericTracePktGen::GetNewRequest" alt="" coords="975,461,1217,488">
