<area shape="rect" href="$classSimulator.html#cf5727f517db6743ddf25ae7cc9a8db4" title="Simulator::Now" alt="" coords="417,5,527,32">
<area shape="rect" href="$classNetworkComponent.html#c93793eea1e2d424abe86e110ca8b399" title="NetworkComponent::process_event" alt="" coords="359,56,585,83">
<area shape="rect" href="$classSimulator.html#2b4be0a76ed9915d4c1c861386d666bc" title="Simulator::Schedule" alt="" coords="403,107,541,133">
<area shape="rect" href="$classHighLevelPacket.html#03017f87443d346d08e8ebb4281073c1" title="HighLevelPacket::to_low_level_packet" alt="" coords="351,157,593,184">
<area shape="rect" href="$classHighLevelPacket.html#a2292ef0554d515cf08aeed8ca46d419" title="HighLevelPacket::toString" alt="" coords="387,208,557,235">
<area shape="rect" href="$classBodyFlit.html#16020481654a7620d6e35c8a569ca0ad" title="BodyFlit::populate_body_flit" alt="" coords="644,107,825,133">
<area shape="rect" href="$classHeadFlit.html#6a0b5e2ddf99c2722b2d06ca103707f8" title="HeadFlit::populate_head_flit" alt="" coords="644,157,825,184">
<area shape="rect" href="$classTailFlit.html#76f8023394ec32a7038300b285bfd5fd" title="TailFlit::populate_tail_flit" alt="" coords="655,208,815,235">
<area shape="rect" href="$classFlit.html#c290470e490b600742672da65d4b42f0" title="Flit::populate_phit_data" alt="" coords="876,157,1031,184">
