<area shape="rect" href="$classGenericRouter4Stg.html#fe22ee367c33ab91c33ac312e5625c86" title="GenericRouter4Stg::do_switch_allocation" alt="" coords="300,132,559,159">
<area shape="rect" href="$classSimulator.html#cf5727f517db6743ddf25ae7cc9a8db4" title="Simulator::Now" alt="" coords="1312,309,1421,336">
<area shape="rect" href="$classGenericRouter4Stg.html#2e9ce6f76653a692e4c178f7efff9119" title="GenericRouter4Stg::do_switch_traversal" alt="" coords="303,436,556,463">
<area shape="rect" href="$classNetworkComponent.html#c93793eea1e2d424abe86e110ca8b399" title="NetworkComponent::process_event" alt="" coords="993,563,1220,589">
<area shape="rect" href="$classPToPSwitchArbiterVcs.html#abe8b9b7e2197d9b9b71648c80fb5489" title="PToPSwitchArbiterVcs::request" alt="" coords="653,259,856,285">
<area shape="rect" href="$classSimulator.html#2b4be0a76ed9915d4c1c861386d666bc" title="Simulator::Schedule" alt="" coords="1037,664,1176,691">
<area shape="rect" href="$classGenericVcAllocator.html#931088e890c3520774ce337adce130eb" title="GenericVcAllocator::is_empty" alt="" coords="657,828,852,855">
<area shape="rect" href="$classGenericVcAllocator.html#271feff7750476795585ccc4828c18b5" title="GenericVcAllocator::is_requested" alt="" coords="321,867,537,893">
<area shape="rect" href="$classGenericVcAllocator.html#3b24f98199dc00c72c290b63eaa05158" title="GenericVcAllocator::pick_winner" alt="" coords="325,917,533,944">
<area shape="rect" href="$classGenericVcAllocator.html#4330429e5ab35e77f1d4f1d056b99f3f" title="GenericVcAllocator::request" alt="" coords="337,968,521,995">
<area shape="rect" href="$classGenericVcAllocator.html#3b82c3e8aefa88fee57e2dd7aa033d46" title="GenericVcAllocator::squash_requests" alt="" coords="309,1019,549,1045">
<area shape="rect" href="$classPToPSwitchArbiterVcs.html#78a137f4c943b0e2fe41ec07cf744d8c" title="PToPSwitchArbiterVcs::clear_requestor" alt="" coords="629,208,880,235">
<area shape="rect" href="$classGenericCrossbar.html#50c8203133960f74f6d82649b0c864be" title="GenericCrossbar::configure_crossbar" alt="" coords="637,5,872,32">
<area shape="rect" href="$classPToPSwitchArbiterVcs.html#a346b5f33fbb252e2ec942caa7243922" title="PToPSwitchArbiterVcs::is_empty" alt="" coords="648,56,861,83">
<area shape="rect" href="$classPToPSwitchArbiterVcs.html#39274b4ccaad44c9217f150a30bba0e7" title="PToPSwitchArbiterVcs::pick_winner" alt="" coords="640,157,869,184">
<area shape="rect" href="$classGenericCrossbar.html#d925d4a2c3b5b4585e087dc423eeb0b8" title="GenericCrossbar::push" alt="" coords="677,107,832,133">
<area shape="rect" href="$classPToPSwitchArbiterVcs.html#e8adb19a43c5674bae5f4cab64b58a14" title="PToPSwitchArbiterVcs::do_round_robin_arbitration" alt="" coords="951,183,1263,209">
<area shape="rect" href="$classGenericVcAllocator.html#a4f1939dca67958c3db027a0f5f29535" title="GenericVcAllocator::clear_winner" alt="" coords="648,411,861,437">
<area shape="rect" href="$classGenericCrossbar.html#b1dc236c4543805ac9fd50f25adcc27e" title="GenericCrossbar::is_empty" alt="" coords="665,461,844,488">
<area shape="rect" href="$classGenericCrossbar.html#3c3fa82ff5db189ec69497f79e15112c" title="GenericCrossbar::pull" alt="" coords="681,512,828,539">
<area shape="rect" href="$classGenericRouter4Stg.html#2913f7731552a423d7b1cc46ae4f02fc" title="GenericRouter4Stg::send_credit_back" alt="" coords="635,613,875,640">
<area shape="rect" href="$classGenericVcAllocator.html#e5f0e92a3aba6a084637e6560849e3ba" title="GenericVcAllocator::do_round_robin_arbitration" alt="" coords="608,955,901,981">
<area shape="rect" href="$classGenericVcAllocator.html#34ce41d5e60202583d218bde7e2a794f" title="GenericVcAllocator::set_request_matrix" alt="" coords="629,904,880,931">
