<area shape="rect" href="$classGenericRC.html#45b503a8ac6becaa1660d2197ff126b2" title="GenericRC::route_negative_first" alt="" coords="204,5,409,32">
<area shape="rect" href="$classGenericRC.html#eb0b5aafb2ca2c35e9e8949394c0f6c6" title="GenericRC::route_north_last" alt="" coords="215,56,399,83">
<area shape="rect" href="$classGenericRC.html#10cdb1416ae7da4cc9430d9cfb3329b5" title="GenericRC::route_north_last_non_minimal" alt="" coords="175,107,439,133">
<area shape="rect" href="$classGenericRC.html#783f80da9e6aa41e6e91af1403db3270" title="GenericRC::route_x_y" alt="" coords="488,132,637,159">
<area shape="rect" href="$classGenericRC.html#d526138b552d15f51d8683c71969182e" title="GenericRC::route_odd_even" alt="" coords="215,208,399,235">
<area shape="rect" href="$classGenericRC.html#b7d1a7fac39edf080dc0671a5ca7ec82" title="GenericRC::route_ring" alt="" coords="232,259,381,285">
<area shape="rect" href="$classGenericRC.html#ff442fded7b3cda5205aa97e502fca2a" title="GenericRC::route_west_first" alt="" coords="215,309,399,336">
