<area shape="rect" href="$classSimulator.html#cf5727f517db6743ddf25ae7cc9a8db4" title="Simulator::Now" alt="" coords="423,5,532,32">
<area shape="rect" href="$classNetworkComponent.html#c93793eea1e2d424abe86e110ca8b399" title="NetworkComponent::process_event" alt="" coords="364,56,591,83">
<area shape="rect" href="$classSimulator.html#2b4be0a76ed9915d4c1c861386d666bc" title="Simulator::Schedule" alt="" coords="408,107,547,133">
<area shape="rect" href="$classHighLevelPacket.html#03017f87443d346d08e8ebb4281073c1" title="HighLevelPacket::to_low_level_packet" alt="" coords="356,157,599,184">
<area shape="rect" href="$classBodyFlit.html#16020481654a7620d6e35c8a569ca0ad" title="BodyFlit::populate_body_flit" alt="" coords="649,107,831,133">
<area shape="rect" href="$classHeadFlit.html#6a0b5e2ddf99c2722b2d06ca103707f8" title="HeadFlit::populate_head_flit" alt="" coords="649,157,831,184">
<area shape="rect" href="$classTailFlit.html#76f8023394ec32a7038300b285bfd5fd" title="TailFlit::populate_tail_flit" alt="" coords="660,208,820,235">
<area shape="rect" href="$classFlit.html#c290470e490b600742672da65d4b42f0" title="Flit::populate_phit_data" alt="" coords="881,157,1036,184">
