<area shape="rect" href="$classMcFrontEnd.html#e91aad452f680bfea0aff217548a0a77" title="McFrontEnd::handle_new_packet_event" alt="" coords="240,157,493,184">
<area shape="rect" href="$classMcFrontEnd.html#cc5c1e3289351e22acac8620eac80f8c" title="McFrontEnd::handle_out_pull_event" alt="" coords="252,360,481,387">
<area shape="rect" href="$classMcFrontEnd.html#a8457737bf1e27ffba3e125d24c70782" title="McFrontEnd::handle_ready_event" alt="" coords="259,259,475,285">
<area shape="rect" href="$classMcFrontEnd.html#6828ea032333b66c691809a8b5910980" title="McFrontEnd::convertFromBitStream" alt="" coords="556,5,788,32">
<area shape="rect" href="$classSimulator.html#cf5727f517db6743ddf25ae7cc9a8db4" title="Simulator::Now" alt="" coords="851,233,960,260">
<area shape="rect" href="$classNetworkComponent.html#c93793eea1e2d424abe86e110ca8b399" title="NetworkComponent::process_event" alt="" coords="559,208,785,235">
<area shape="rect" href="$classSimulator.html#2b4be0a76ed9915d4c1c861386d666bc" title="Simulator::Schedule" alt="" coords="603,259,741,285">
<area shape="rect" href="$classMcFrontEnd.html#5e13254245058ccea5ca65f7f143f00b" title="McFrontEnd::strip_mc_bits" alt="" coords="583,107,761,133">
<area shape="rect" href="$classIrisEvent.html#0af2990076aab1512a61908435010824" title="IrisEvent::toString" alt="" coords="609,157,735,184">
<area shape="rect" href="$classMcFrontEnd.html#34c1f1d0d24c5540f105af8fda74721f" title="McFrontEnd::add_mc_bits" alt="" coords="585,411,759,437">
<area shape="rect" href="$classMcFrontEnd.html#b5b8b2ef369cc1f9cd023ef5aab36cdd" title="McFrontEnd::convertToBitStream" alt="" coords="564,461,780,488">
<area shape="rect" href="$classMcFrontEnd.html#444d33e1b966655ccc947ab6fc10d1bc" title="McFrontEnd::GetFrommcFrontEndQueue" alt="" coords="543,512,801,539">
