<area shape="rect" href="$classEvent0.html" title="{Event0\&lt; T, OBJ \&gt;\n|+ handler\l+ obj\l|+ Event0()\l+ CallHandler()\l}" alt="" coords="5,229,133,341">
<area shape="rect" href="$classEvent0Stat.html" title="{Event0Stat\n|+ handler\l|+ Event0Stat()\l+ CallHandler()\l}" alt="" coords="157,237,264,333">
<area shape="rect" href="$classEvent1.html" title="{Event1\&lt; T, OBJ, U1, T1 \&gt;\n|+ handler\l+ obj\l+ t1\l|+ Event1()\l+ CallHandler()\l}" alt="" coords="288,221,461,349">
<area shape="rect" href="$classEvent1Stat.html" title="{Event1Stat\&lt; U1, T1 \&gt;\n|+ handler\l+ t1\l|+ Event1Stat()\l+ CallHandler()\l}" alt="" coords="485,229,635,341">
<area shape="rect" href="$classEvent2.html" title="{Event2\&lt; T, OBJ, U1, T1, U2, T2 \&gt;\n|+ handler\l+ obj\l+ t1\l+ t2\l|+ Event2()\l+ CallHandler()\l}" alt="" coords="659,213,880,357">
<area shape="rect" href="$classEvent2Stat.html" title="{Event2Stat\&lt; U1, T1, U2, T2 \&gt;\n|+ handler\l+ t1\l+ t2\l|+ Event2Stat()\l+ CallHandler()\l}" alt="" coords="904,221,1099,349">
<area shape="rect" href="$classEvent3.html" title="{Event3\&lt; T, OBJ, U1, T1, U2, T2, U3, T3 \&gt;\n|+ handler\l+ obj\l+ t1\l+ t2\l+ t3\l|+ Event3()\l+ CallHandler()\l}" alt="" coords="1123,205,1389,365">
<area shape="rect" href="$classEvent3Stat.html" title="{Event3Stat\&lt; U1, T1, U2, T2, U3, T3 \&gt;\n|+ handler\l+ t1\l+ t2\l+ t3\l|+ Event3Stat()\l+ CallHandler()\l}" alt="" coords="1413,213,1656,357">
<area shape="rect" href="$classEvent4.html" title="{Event4\&lt; T, OBJ, U1, T1, U2, T2, U3, T3, U4, T4 \&gt;\n|+ handler\l+ obj\l+ t1\l+ t2\l+ t3\l+ t4\l|+ Event4()\l+ CallHandler()\l}" alt="" coords="1680,197,1995,373">
<area shape="rect" href="$classEvent4Stat.html" title="{Event4Stat\&lt; U1, T1, U2, T2, U3, T3, U4, T4 \&gt;\n|+ handler\l+ t1\l+ t2\l+ t3\l+ t4\l|+ Event4Stat()\l+ CallHandler()\l}" alt="" coords="2019,205,2309,365">
<area shape="rect" href="$classEventId.html" title="{EventId\n||+ EventId()\l+ CallHandler()\l}" alt="" coords="2333,237,2440,333">
