<area shape="rect" href="$classGenericInterfaceNB.html" title="{GenericInterfaceNB\n|+ is_mc_interface\l&#45; vcs\l&#45; buffer_size\l&#45; credits\l&#45; in_packet_cleared\l&#45; in_packet_complete\l&#45; flast_vc\l&#45; ticking\l&#45; out_buffer\l&#45; in_buffer\l&#45; out_arbiter\l&#45; downstream_credits\l&#45; out_packets\l&#45; out_packet_flit_index\l&#45; in_packets\l&#45; in_packets_flit_index\l&#45; in_packets_valid\l&#45; in_ready\l&#45; flits_in\l&#45; packets_in\l&#45; flits_out\l&#45; packets_out\l&#45; total_packets_in_time\l|+ GenericInterfaceNB()\l+ ~GenericInterfaceNB()\l+ get_no_credits()\l+ set_no_credits()\l+ set_no_vcs()\l+ set_buffer_size()\l+ setup()\l+ toString()\l+ process_event()\l+ print_stats()\l+ get_packets_out()\l+ get_packets()\l+ get_flits_out()\l&#45; handle_new_packet_event()\l&#45; handle_ready_event()\l&#45; handle_tick_event()\l&#45; handle_link_arrival()\l}" alt="" coords="5,821,195,1509">
<area shape="rect" href="$classGenericInterfacePhy.html" title="{GenericInterfacePhy\n|&#45; vcs\l&#45; buffer_size\l&#45; credits\l&#45; in_packet_cleared\l&#45; in_packet_complete\l&#45; ticking\l&#45; out_buffer\l&#45; in_buffer\l&#45; downstream_credits\l&#45; out_packets\l&#45; out_packet_flit_index\l&#45; in_packets\l&#45; in_packets_flit_index\l&#45; in_packets_valid\l&#45; pkt_in_progress\l&#45; in_ready\l&#45; flits_in\l&#45; packets_in\l&#45; flits_out\l&#45; packets_out\l&#45; total_packets_in_time\l|+ GenericInterfacePhy()\l+ ~GenericInterfacePhy()\l+ get_no_credits()\l+ set_no_credits()\l+ set_no_vcs()\l+ set_buffer_size()\l+ setup()\l+ toString()\l+ process_event()\l+ print_stats()\l+ get_packets_out()\l+ get_packets()\l+ get_flits_out()\l&#45; handle_new_packet_event()\l&#45; handle_ready_event()\l&#45; handle_tick_event()\l&#45; handle_link_arrival()\l&#45; is_pkt_in_progress()\l}" alt="" coords="219,829,408,1501">
<area shape="rect" href="$classNetworkComponent.html" title="{NetworkComponent\n|+ type\l+ name\l+ address\l+ node_ip\l|+ NetworkComponent()\l+ ~NetworkComponent()\l+ toString()\l+ process_event()\l}" alt="" coords="125,261,288,437">
<area shape="rect" href="$classComponent.html" title="{Component\n|+ inLinks\l+ outLinks\l&#45; componentId\l|+ Component()\l+ Component()\l+ ~Component()\l+ setComponentId()\l+ addInputLink()\l+ addOutputLink()\l+ myId()\l}" alt="" coords="139,5,275,213">
