<area shape="rect" href="$classBodyFlit.html#16020481654a7620d6e35c8a569ca0ad" title="BodyFlit::populate_body_flit" alt="" coords="212,31,393,57">
<area shape="rect" href="$classHeadFlit.html#6a0b5e2ddf99c2722b2d06ca103707f8" title="HeadFlit::populate_head_flit" alt="" coords="212,81,393,108">
<area shape="rect" href="$classTailFlit.html#76f8023394ec32a7038300b285bfd5fd" title="TailFlit::populate_tail_flit" alt="" coords="223,132,383,159">
<area shape="rect" href="$classHighLevelPacket.html#03017f87443d346d08e8ebb4281073c1" title="HighLevelPacket::to_low_level_packet" alt="" coords="444,81,687,108">
<area shape="rect" href="$classGenericInterfacePhy.html#68cc551b3cacdbd4564a2d1a5eb6e4ed" title="GenericInterfacePhy::handle_new_packet_event" alt="" coords="736,56,1037,83">
<area shape="rect" href="$classGenericInterfaceNB.html#085bd6c0e2ff0cdb769ac35ef6068cb2" title="GenericInterfaceNB::handle_new_packet_event" alt="" coords="739,107,1035,133">
<area shape="rect" href="$classGenericInterfacePhy.html#66af4b700231c32fde543414bb56708f" title="GenericInterfacePhy::process_event" alt="" coords="1087,56,1319,83">
<area shape="rect" href="$classGenericInterfacePhy.html#7a5f09a7ec40893278e3b3208e1b5fdf" title="GenericInterfacePhy::handle_link_arrival" alt="" coords="1368,5,1624,32">
<area shape="rect" href="$classGenericInterfacePhy.html#66a4c49b58717a5a20c8bbfe9df8543a" title="GenericInterfacePhy::handle_tick_event" alt="" coords="1369,56,1623,83">
<area shape="rect" href="$classGenericInterfaceNB.html#18b4d5f008338433e7a459202cacd1ec" title="GenericInterfaceNB::process_event" alt="" coords="1089,107,1316,133">
<area shape="rect" href="$classGenericInterfaceNB.html#ba1264d2cd3d4b19b47f31868414e6b2" title="GenericInterfaceNB::handle_link_arrival" alt="" coords="1371,107,1621,133">
<area shape="rect" href="$classGenericInterfaceNB.html#52cd382b94dc781cddb1d733584fa67c" title="GenericInterfaceNB::handle_tick_event" alt="" coords="1372,157,1620,184">
