<area shape="rect" href="$router_8h.html" title="../interfaces/router.h" alt="" coords="1509,80,1645,107">
<area shape="rect" href="$genericBuffer_8h.html" title="genericBuffer.h" alt="" coords="403,155,509,181">
<area shape="rect" href="$genericRC_8h.html" title="genericRC.h" alt="" coords="703,155,793,181">
<area shape="rect" href="$genericData_8h.html" title="../../../util/genericData.h" alt="" coords="871,229,1028,256">
<area shape="rect" href="$ptop__swa_8h.html" title="ptop_swa.h" alt="" coords="1084,155,1172,181">
<area shape="rect" href="$genericCrossbar_8h.html" title="genericCrossbar.h" alt="" coords="1479,155,1604,181">
<area shape="rect" href="$stats_8h.html" title="../../../util/stats.h" alt="" coords="1695,379,1812,405">
<area shape="rect" href="$genericLink_8h.html" title="genericLink.h" alt="" coords="1233,80,1332,107">
<area shape="rect" href="$networkComponent_8h.html" title="networkComponent.h" alt="" coords="1383,229,1527,256">
<area shape="rect" href="$component_8h.html" title="../../../kernel/component.h" alt="" coords="1448,379,1619,405">
<area shape="rect" href="$simIrisComponentHeader_8h.html" title="../../../util/simIrisComponentHeader.h" alt="" coords="815,379,1049,405">
<area shape="rect" href="$irisEvent_8h.html" title="../../data_types/impl/irisEvent.h" alt="" coords="1256,304,1459,331">
<area shape="rect" href="$simulator_8h.html" title="simulator.h" alt="" coords="1081,528,1164,555">
<area shape="rect" href="$link_8h.html" title="link.h" alt="" coords="1508,453,1559,480">
<area shape="rect" href="$genericEvents_8h.html" title="genericEvents.h" alt="" coords="1073,453,1188,480">
<area shape="rect" href="$buffer_8h.html" title="../interfaces/buffer.h" alt="" coords="388,229,524,256">
<area shape="rect" href="$flit_8h.html" title="../../data_types/impl/flit.h" alt="" coords="760,304,925,331">
<area shape="rect" href="$addressDecoder_8h.html" title="../interfaces/addressDecoder.h" alt="" coords="649,229,847,256">
<area shape="rect" href="$lowLevelPacket_8h.html" title="../../data_types/impl/lowLevelPacket.h" alt="" coords="121,229,364,256">
<area shape="rect" href="$crossbar_8h.html" title="../interfaces/crossbar.h" alt="" coords="1204,229,1359,256">
<area shape="rect" href="$irisLink_8h.html" title="../interfaces/irisLink.h" alt="" coords="1209,155,1356,181">
