<area shape="rect" href="$processor_8h.html" title="../interfaces/processor.h" alt="" coords="235,155,395,181">
<area shape="rect" href="$highLevelPacket_8h.html" title="../../data_types/impl/highLevelPacket.h" alt="" coords="1369,304,1617,331">
<area shape="rect" href="$genericData_8h.html" title="../../../util/genericData.h" alt="" coords="912,304,1069,331">
<area shape="rect" href="$genericInterfaceNB_8h.html" title="genericInterfaceNB.h" alt="" coords="679,80,823,107">
<area shape="rect" href="$networkComponent_8h.html" title="networkComponent.h" alt="" coords="389,379,533,405">
<area shape="rect" href="$irisEvent_8h.html" title="../../data_types/impl/irisEvent.h" alt="" coords="488,453,691,480">
<area shape="rect" href="$interface_8h.html" title="interface.h" alt="" coords="619,229,701,256">
<area shape="rect" href="$component_8h.html" title="../../../kernel/component.h" alt="" coords="652,528,823,555">
<area shape="rect" href="$simIrisComponentHeader_8h.html" title="../../../util/simIrisComponentHeader.h" alt="" coords="1167,528,1401,555">
<area shape="rect" href="$simulator_8h.html" title="simulator.h" alt="" coords="991,677,1073,704">
<area shape="rect" href="$link_8h.html" title="link.h" alt="" coords="751,603,801,629">
<area shape="rect" href="$genericEvents_8h.html" title="genericEvents.h" alt="" coords="1157,603,1272,629">
<area shape="rect" href="$buffer_8h.html" title="buffer.h" alt="" coords="1121,379,1185,405">
<area shape="rect" href="$irisLink_8h.html" title="irisLink.h" alt="" coords="664,304,736,331">
<area shape="rect" href="$flit_8h.html" title="../../data_types/impl/flit.h" alt="" coords="1019,453,1184,480">
<area shape="rect" href="$lowLevelPacket_8h.html" title="lowLevelPacket.h" alt="" coords="1363,379,1485,405">
<area shape="rect" href="$stats_8h.html" title="../../../util/stats.h" alt="" coords="5,528,123,555">
<area shape="rect" href="$genericLink_8h.html" title="../impl/genericLink.h" alt="" coords="811,229,949,256">
<area shape="rect" href="$genericBuffer_8h.html" title="genericBuffer.h" alt="" coords="1093,304,1200,331">
<area shape="rect" href="$genericArbiter_8h.html" title="genericArbiter.h" alt="" coords="363,229,475,256">
<area shape="rect" href="$arbiter_8h.html" title="../interfaces/arbiter.h" alt="" coords="349,304,488,331">
