<area shape="rect" href="$addressDecoder_8h.html" title="../interfaces/addressDecoder.h" alt="" coords="391,80,588,107">
<area shape="rect" href="$flit_8h.html" title="../../data_types/impl/flit.h" alt="" coords="393,155,559,181">
<area shape="rect" href="$genericData_8h.html" title="../../../util/genericData.h" alt="" coords="159,80,316,107">
<area shape="rect" href="$lowLevelPacket_8h.html" title="../../data_types/impl/lowLevelPacket.h" alt="" coords="612,80,855,107">
<area shape="rect" href="$simIrisComponentHeader_8h.html" title="../../../util/simIrisComponentHeader.h" alt="" coords="123,229,357,256">
<area shape="rect" href="$simulator_8h.html" title="../kernel/simulator.h" alt="" coords="315,304,451,331">
<area shape="rect" href="$genericEvents_8h.html" title="genericEvents.h" alt="" coords="176,304,291,331">
<area shape="rect" href="$component_8h.html" title="component.h" alt="" coords="221,379,317,405">
<area shape="rect" href="$link_8h.html" title="link.h" alt="" coords="244,453,295,480">
