<area shape="rect" href="$genericSink_8h.html" title="genericSink.h" alt="" coords="1000,80,1099,107">
<area shape="rect" href="$processor_8h.html" title="../interfaces/processor.h" alt="" coords="235,229,395,256">
<area shape="rect" href="$highLevelPacket_8h.html" title="../../data_types/impl/highLevelPacket.h" alt="" coords="1369,379,1617,405">
<area shape="rect" href="$genericData_8h.html" title="../../../util/genericData.h" alt="" coords="912,379,1069,405">
<area shape="rect" href="$genericInterfaceNB_8h.html" title="genericInterfaceNB.h" alt="" coords="679,155,823,181">
<area shape="rect" href="$networkComponent_8h.html" title="networkComponent.h" alt="" coords="389,453,533,480">
<area shape="rect" href="$irisEvent_8h.html" title="../../data_types/impl/irisEvent.h" alt="" coords="488,528,691,555">
<area shape="rect" href="$interface_8h.html" title="interface.h" alt="" coords="619,304,701,331">
<area shape="rect" href="$component_8h.html" title="../../../kernel/component.h" alt="" coords="652,603,823,629">
<area shape="rect" href="$simIrisComponentHeader_8h.html" title="../../../util/simIrisComponentHeader.h" alt="" coords="1167,603,1401,629">
<area shape="rect" href="$simulator_8h.html" title="simulator.h" alt="" coords="991,752,1073,779">
<area shape="rect" href="$link_8h.html" title="link.h" alt="" coords="751,677,801,704">
<area shape="rect" href="$genericEvents_8h.html" title="genericEvents.h" alt="" coords="1157,677,1272,704">
<area shape="rect" href="$buffer_8h.html" title="buffer.h" alt="" coords="1121,453,1185,480">
<area shape="rect" href="$irisLink_8h.html" title="irisLink.h" alt="" coords="664,379,736,405">
<area shape="rect" href="$flit_8h.html" title="../../data_types/impl/flit.h" alt="" coords="1019,528,1184,555">
<area shape="rect" href="$lowLevelPacket_8h.html" title="lowLevelPacket.h" alt="" coords="1363,453,1485,480">
<area shape="rect" href="$stats_8h.html" title="../../../util/stats.h" alt="" coords="5,603,123,629">
<area shape="rect" href="$genericLink_8h.html" title="../impl/genericLink.h" alt="" coords="811,304,949,331">
<area shape="rect" href="$genericBuffer_8h.html" title="genericBuffer.h" alt="" coords="1093,379,1200,405">
<area shape="rect" href="$genericArbiter_8h.html" title="genericArbiter.h" alt="" coords="363,304,475,331">
<area shape="rect" href="$arbiter_8h.html" title="../interfaces/arbiter.h" alt="" coords="349,379,488,405">
