<area shape="rect" href="$genericPktGen_8h.html" title="genericPktGen.h" alt="" coords="1604,80,1721,107">
<area shape="rect" href="$genericInterfaceNB_8h.html" title="genericInterfaceNB.h" alt="" coords="847,155,991,181">
<area shape="rect" href="$genericData_8h.html" title="../../../util/genericData.h" alt="" coords="955,379,1112,405">
<area shape="rect" href="$highLevelPacket_8h.html" title="../../data_types/impl/highLevelPacket.h" alt="" coords="1331,379,1579,405">
<area shape="rect" href="$processor_8h.html" title="../interfaces/processor.h" alt="" coords="371,229,531,256">
<area shape="rect" href="$mc__constants_8h.html" title="../../../util/mc_constants.h" alt="" coords="1928,528,2099,555">
<area shape="rect" href="$stats_8h.html" title="../../../util/stats.h" alt="" coords="5,752,123,779">
<area shape="rect" href="$irisEvent_8h.html" title="../../data_types/impl/irisEvent.h" alt="" coords="400,528,603,555">
<area shape="rect" href="$interface_8h.html" title="../interfaces/interface.h" alt="" coords="660,304,815,331">
<area shape="rect" href="$networkComponent_8h.html" title="networkComponent.h" alt="" coords="437,453,581,480">
<area shape="rect" href="$buffer_8h.html" title="buffer.h" alt="" coords="917,453,981,480">
<area shape="rect" href="$genericLink_8h.html" title="../impl/genericLink.h" alt="" coords="841,304,980,331">
<area shape="rect" href="$genericBuffer_8h.html" title="genericBuffer.h" alt="" coords="1187,379,1293,405">
<area shape="rect" href="$genericArbiter_8h.html" title="genericArbiter.h" alt="" coords="197,304,309,331">
<area shape="rect" href="$flit_8h.html" title="../simIris/data_types/impl/flit.h" alt="" coords="931,528,1128,555">
<area shape="rect" href="$simIrisComponentHeader_8h.html" title="../../../util/simIrisComponentHeader.h" alt="" coords="725,603,960,629">
<area shape="rect" href="$simulator_8h.html" title="../kernel/simulator.h" alt="" coords="1401,677,1537,704">
<area shape="rect" href="$genericEvents_8h.html" title="genericEvents.h" alt="" coords="689,677,804,704">
<area shape="rect" href="$component_8h.html" title="component.h" alt="" coords="1287,752,1383,779">
<area shape="rect" href="$link_8h.html" title="link.h" alt="" coords="1419,827,1469,853">
<area shape="rect" href="$lowLevelPacket_8h.html" title="lowLevelPacket.h" alt="" coords="1208,453,1331,480">
<area shape="rect" href="$irisLink_8h.html" title="irisLink.h" alt="" coords="757,379,829,405">
<area shape="rect" href="$arbiter_8h.html" title="../interfaces/arbiter.h" alt="" coords="341,379,480,405">
