<area shape="rect" href="$genericInterfaceNB_8h.html" title="genericInterfaceNB.h" alt="" coords="1149,80,1293,107">
<area shape="rect" href="$genericData_8h.html" title="../../../util/genericData.h" alt="" coords="665,379,823,405">
<area shape="rect" href="$stats_8h.html" title="../../../util/stats.h" alt="" coords="128,677,245,704">
<area shape="rect" href="$highLevelPacket_8h.html" title="../../data_types/impl/highLevelPacket.h" alt="" coords="295,304,543,331">
<area shape="rect" href="$irisEvent_8h.html" title="../../data_types/impl/irisEvent.h" alt="" coords="1155,453,1357,480">
<area shape="rect" href="$interface_8h.html" title="../interfaces/interface.h" alt="" coords="1147,229,1301,256">
<area shape="rect" href="$networkComponent_8h.html" title="networkComponent.h" alt="" coords="1408,379,1552,405">
<area shape="rect" href="$buffer_8h.html" title="buffer.h" alt="" coords="1035,379,1099,405">
<area shape="rect" href="$processor_8h.html" title="../interfaces/processor.h" alt="" coords="1259,155,1419,181">
<area shape="rect" href="$genericLink_8h.html" title="../impl/genericLink.h" alt="" coords="832,229,971,256">
<area shape="rect" href="$genericBuffer_8h.html" title="genericBuffer.h" alt="" coords="883,304,989,331">
<area shape="rect" href="$genericArbiter_8h.html" title="genericArbiter.h" alt="" coords="1523,229,1635,256">
<area shape="rect" href="$flit_8h.html" title="../simIris/data_types/impl/flit.h" alt="" coords="781,453,979,480">
<area shape="rect" href="$simIrisComponentHeader_8h.html" title="../../../util/simIrisComponentHeader.h" alt="" coords="651,528,885,555">
<area shape="rect" href="$simulator_8h.html" title="../kernel/simulator.h" alt="" coords="403,603,539,629">
<area shape="rect" href="$genericEvents_8h.html" title="genericEvents.h" alt="" coords="867,603,981,629">
<area shape="rect" href="$component_8h.html" title="component.h" alt="" coords="833,677,929,704">
<area shape="rect" href="$link_8h.html" title="link.h" alt="" coords="704,752,755,779">
<area shape="rect" href="$lowLevelPacket_8h.html" title="lowLevelPacket.h" alt="" coords="357,379,480,405">
<area shape="rect" href="$irisLink_8h.html" title="irisLink.h" alt="" coords="1013,304,1085,331">
<area shape="rect" href="$arbiter_8h.html" title="../interfaces/arbiter.h" alt="" coords="1509,304,1648,331">
