<area shape="rect" href="$genericArbiter_8h.html" title="genericArbiter.h" alt="" coords="704,80,816,107">
<area shape="rect" href="$arbiter_8h.html" title="../interfaces/arbiter.h" alt="" coords="616,155,755,181">
<area shape="rect" href="$flit_8h.html" title="../../data_types/impl/flit.h" alt="" coords="560,304,725,331">
<area shape="rect" href="$networkComponent_8h.html" title="networkComponent.h" alt="" coords="233,229,377,256">
<area shape="rect" href="$simIrisComponentHeader_8h.html" title="../../../util/simIrisComponentHeader.h" alt="" coords="107,379,341,405">
<area shape="rect" href="$simulator_8h.html" title="../kernel/simulator.h" alt="" coords="424,453,560,480">
<area shape="rect" href="$genericEvents_8h.html" title="genericEvents.h" alt="" coords="32,453,147,480">
<area shape="rect" href="$component_8h.html" title="component.h" alt="" coords="280,528,376,555">
<area shape="rect" href="$link_8h.html" title="link.h" alt="" coords="303,603,353,629">
<area shape="rect" href="$irisEvent_8h.html" title="../../data_types/impl/irisEvent.h" alt="" coords="283,304,485,331">
