<area shape="rect" href="$genericRC_8h.html" title="genericRC.h" alt="" coords="376,80,467,107">
<area shape="rect" href="$addressDecoder_8h.html" title="../interfaces/addressDecoder.h" alt="" coords="391,155,588,181">
<area shape="rect" href="$flit_8h.html" title="../../data_types/impl/flit.h" alt="" coords="393,229,559,256">
<area shape="rect" href="$genericData_8h.html" title="../../../util/genericData.h" alt="" coords="159,155,316,181">
<area shape="rect" href="$lowLevelPacket_8h.html" title="../../data_types/impl/lowLevelPacket.h" alt="" coords="612,155,855,181">
<area shape="rect" href="$simIrisComponentHeader_8h.html" title="../../../util/simIrisComponentHeader.h" alt="" coords="123,304,357,331">
<area shape="rect" href="$simulator_8h.html" title="../kernel/simulator.h" alt="" coords="315,379,451,405">
<area shape="rect" href="$genericEvents_8h.html" title="genericEvents.h" alt="" coords="176,379,291,405">
<area shape="rect" href="$component_8h.html" title="component.h" alt="" coords="221,453,317,480">
<area shape="rect" href="$link_8h.html" title="link.h" alt="" coords="244,528,295,555">
