<area shape="rect" href="$genericRouter4Stg_8h.html" title="genericRouter4Stg.h" alt="" coords="1227,80,1365,107">
<area shape="rect" href="$router_8h.html" title="../interfaces/router.h" alt="" coords="1361,155,1497,181">
<area shape="rect" href="$genericEvents_8h.html" title="genericEvents.h" alt="" coords="371,528,485,555">
<area shape="rect" href="$genericBuffer_8h.html" title="genericBuffer.h" alt="" coords="425,229,532,256">
<area shape="rect" href="$genericRC_8h.html" title="genericRC.h" alt="" coords="811,229,901,256">
<area shape="rect" href="$genericData_8h.html" title="../../../util/genericData.h" alt="" coords="893,304,1051,331">
<area shape="rect" href="$genericVcAllocator_8h.html" title="genericVcAllocator.h" alt="" coords="1089,229,1228,256">
<area shape="rect" href="$ptopSwaVcs_8h.html" title="ptopSwaVcs.h" alt="" coords="1315,229,1419,256">
<area shape="rect" href="$genericCrossbar_8h.html" title="genericCrossbar.h" alt="" coords="1720,229,1845,256">
<area shape="rect" href="$stats_8h.html" title="../../../util/stats.h" alt="" coords="1824,453,1941,480">
<area shape="rect" href="$genericLink_8h.html" title="genericLink.h" alt="" coords="1521,155,1620,181">
<area shape="rect" href="$networkComponent_8h.html" title="networkComponent.h" alt="" coords="1504,304,1648,331">
<area shape="rect" href="$component_8h.html" title="../../../kernel/component.h" alt="" coords="1397,453,1568,480">
<area shape="rect" href="$simIrisComponentHeader_8h.html" title="../../../util/simIrisComponentHeader.h" alt="" coords="819,453,1053,480">
<area shape="rect" href="$irisEvent_8h.html" title="../../data_types/impl/irisEvent.h" alt="" coords="1496,379,1699,405">
<area shape="rect" href="$simulator_8h.html" title="simulator.h" alt="" coords="1076,603,1159,629">
<area shape="rect" href="$link_8h.html" title="link.h" alt="" coords="1457,528,1508,555">
<area shape="rect" href="$buffer_8h.html" title="../interfaces/buffer.h" alt="" coords="411,304,547,331">
<area shape="rect" href="$flit_8h.html" title="../../data_types/impl/flit.h" alt="" coords="771,379,936,405">
<area shape="rect" href="$addressDecoder_8h.html" title="../interfaces/addressDecoder.h" alt="" coords="621,304,819,331">
<area shape="rect" href="$lowLevelPacket_8h.html" title="../../data_types/impl/lowLevelPacket.h" alt="" coords="144,304,387,331">
<area shape="rect" href="$crossbar_8h.html" title="../interfaces/crossbar.h" alt="" coords="1224,304,1379,331">
<area shape="rect" href="$irisLink_8h.html" title="../interfaces/irisLink.h" alt="" coords="1499,229,1645,256">
