<area shape="rect" href="$genericInterfaceNB_8h.html" title="genericInterfaceNB.h" alt="" coords="725,80,869,107">
<area shape="rect" href="$genericData_8h.html" title="../../../util/genericData.h" alt="" coords="940,304,1097,331">
<area shape="rect" href="$highLevelPacket_8h.html" title="../../data_types/impl/highLevelPacket.h" alt="" coords="1328,304,1576,331">
<area shape="rect" href="$processor_8h.html" title="../interfaces/processor.h" alt="" coords="356,155,516,181">
<area shape="rect" href="$mc__constants_8h.html" title="../../../util/mc_constants.h" alt="" coords="1928,453,2099,480">
<area shape="rect" href="$stats_8h.html" title="../../../util/stats.h" alt="" coords="5,677,123,704">
<area shape="rect" href="$irisEvent_8h.html" title="../../data_types/impl/irisEvent.h" alt="" coords="400,453,603,480">
<area shape="rect" href="$interface_8h.html" title="../interfaces/interface.h" alt="" coords="641,229,796,256">
<area shape="rect" href="$networkComponent_8h.html" title="networkComponent.h" alt="" coords="429,379,573,405">
<area shape="rect" href="$buffer_8h.html" title="buffer.h" alt="" coords="917,379,981,405">
<area shape="rect" href="$genericLink_8h.html" title="../impl/genericLink.h" alt="" coords="820,229,959,256">
<area shape="rect" href="$genericBuffer_8h.html" title="genericBuffer.h" alt="" coords="1172,304,1279,331">
<area shape="rect" href="$genericArbiter_8h.html" title="genericArbiter.h" alt="" coords="197,229,309,256">
<area shape="rect" href="$flit_8h.html" title="../simIris/data_types/impl/flit.h" alt="" coords="931,453,1128,480">
<area shape="rect" href="$simIrisComponentHeader_8h.html" title="../../../util/simIrisComponentHeader.h" alt="" coords="725,528,960,555">
<area shape="rect" href="$simulator_8h.html" title="../kernel/simulator.h" alt="" coords="1401,603,1537,629">
<area shape="rect" href="$genericEvents_8h.html" title="genericEvents.h" alt="" coords="689,603,804,629">
<area shape="rect" href="$component_8h.html" title="component.h" alt="" coords="1287,677,1383,704">
<area shape="rect" href="$link_8h.html" title="link.h" alt="" coords="1419,752,1469,779">
<area shape="rect" href="$lowLevelPacket_8h.html" title="lowLevelPacket.h" alt="" coords="1208,379,1331,405">
<area shape="rect" href="$irisLink_8h.html" title="irisLink.h" alt="" coords="743,304,815,331">
<area shape="rect" href="$arbiter_8h.html" title="../interfaces/arbiter.h" alt="" coords="327,304,465,331">
