<area shape="rect" href="$genericFlatMc_8h.html" title="genericFlatMc.h" alt="" coords="895,80,1009,107">
<area shape="rect" href="$genericInterfaceNB_8h.html" title="genericInterfaceNB.h" alt="" coords="652,155,796,181">
<area shape="rect" href="$genericData_8h.html" title="../../../util/genericData.h" alt="" coords="769,379,927,405">
<area shape="rect" href="$highLevelPacket_8h.html" title="../../data_types/impl/highLevelPacket.h" alt="" coords="1113,379,1361,405">
<area shape="rect" href="$processor_8h.html" title="../interfaces/processor.h" alt="" coords="221,229,381,256">
<area shape="rect" href="$stats_8h.html" title="../../../util/stats.h" alt="" coords="5,752,123,779">
<area shape="rect" href="$irisEvent_8h.html" title="../../data_types/impl/irisEvent.h" alt="" coords="341,528,544,555">
<area shape="rect" href="$interface_8h.html" title="../interfaces/interface.h" alt="" coords="344,304,499,331">
<area shape="rect" href="$networkComponent_8h.html" title="networkComponent.h" alt="" coords="156,453,300,480">
<area shape="rect" href="$buffer_8h.html" title="buffer.h" alt="" coords="700,453,764,480">
<area shape="rect" href="$genericLink_8h.html" title="../impl/genericLink.h" alt="" coords="573,304,712,331">
<area shape="rect" href="$genericBuffer_8h.html" title="genericBuffer.h" alt="" coords="1385,379,1492,405">
<area shape="rect" href="$genericArbiter_8h.html" title="genericArbiter.h" alt="" coords="989,304,1101,331">
<area shape="rect" href="$flit_8h.html" title="../simIris/data_types/impl/flit.h" alt="" coords="872,528,1069,555">
<area shape="rect" href="$simIrisComponentHeader_8h.html" title="../../../util/simIrisComponentHeader.h" alt="" coords="604,603,839,629">
<area shape="rect" href="$simulator_8h.html" title="../kernel/simulator.h" alt="" coords="997,677,1133,704">
<area shape="rect" href="$genericEvents_8h.html" title="genericEvents.h" alt="" coords="776,677,891,704">
<area shape="rect" href="$component_8h.html" title="component.h" alt="" coords="389,752,485,779">
<area shape="rect" href="$link_8h.html" title="link.h" alt="" coords="412,827,463,853">
<area shape="rect" href="$lowLevelPacket_8h.html" title="lowLevelPacket.h" alt="" coords="1195,453,1317,480">
<area shape="rect" href="$irisLink_8h.html" title="irisLink.h" alt="" coords="425,379,497,405">
<area shape="rect" href="$arbiter_8h.html" title="../interfaces/arbiter.h" alt="" coords="951,379,1089,405">
