<area shape="rect" href="$genericTracePktGen_8h.html" title="genericTracePktGen.h" alt="" coords="1697,80,1847,107">
<area shape="rect" href="$genericInterfaceNB_8h.html" title="genericInterfaceNB.h" alt="" coords="1092,155,1236,181">
<area shape="rect" href="$genericData_8h.html" title="../../../util/genericData.h" alt="" coords="853,379,1011,405">
<area shape="rect" href="$highLevelPacket_8h.html" title="../../data_types/impl/highLevelPacket.h" alt="" coords="451,379,699,405">
<area shape="rect" href="$processor_8h.html" title="../interfaces/processor.h" alt="" coords="1448,229,1608,256">
<area shape="rect" href="$mc__constants_8h.html" title="../../../util/mc_constants.h" alt="" coords="1835,528,2005,555">
<area shape="rect" href="$stats_8h.html" title="../../../util/stats.h" alt="" coords="1293,752,1411,779">
<area shape="rect" href="$irisEvent_8h.html" title="../../data_types/impl/irisEvent.h" alt="" coords="1205,528,1408,555">
<area shape="rect" href="$interface_8h.html" title="../interfaces/interface.h" alt="" coords="1183,304,1337,331">
<area shape="rect" href="$networkComponent_8h.html" title="networkComponent.h" alt="" coords="1413,453,1557,480">
<area shape="rect" href="$buffer_8h.html" title="buffer.h" alt="" coords="1016,453,1080,480">
<area shape="rect" href="$genericLink_8h.html" title="../impl/genericLink.h" alt="" coords="1020,304,1159,331">
<area shape="rect" href="$genericBuffer_8h.html" title="genericBuffer.h" alt="" coords="723,379,829,405">
<area shape="rect" href="$genericArbiter_8h.html" title="genericArbiter.h" alt="" coords="301,304,413,331">
<area shape="rect" href="$flit_8h.html" title="../simIris/data_types/impl/flit.h" alt="" coords="731,528,928,555">
<area shape="rect" href="$simIrisComponentHeader_8h.html" title="../../../util/simIrisComponentHeader.h" alt="" coords="893,603,1128,629">
<area shape="rect" href="$simulator_8h.html" title="../kernel/simulator.h" alt="" coords="623,677,759,704">
<area shape="rect" href="$genericEvents_8h.html" title="genericEvents.h" alt="" coords="953,677,1068,704">
<area shape="rect" href="$component_8h.html" title="component.h" alt="" coords="1123,752,1219,779">
<area shape="rect" href="$link_8h.html" title="link.h" alt="" coords="1149,827,1200,853">
<area shape="rect" href="$lowLevelPacket_8h.html" title="lowLevelPacket.h" alt="" coords="432,453,555,480">
<area shape="rect" href="$irisLink_8h.html" title="irisLink.h" alt="" coords="1187,379,1259,405">
<area shape="rect" href="$arbiter_8h.html" title="../interfaces/arbiter.h" alt="" coords="288,379,427,405">
