<area shape="rect" href="$classEventBase.html" title="EventBase" alt="" coords="5,259,91,285">
<area shape="rect" href="$classEvent0.html" title="Event0\&lt; T, OBJ \&gt;" alt="" coords="233,5,361,32">
<area shape="rect" href="$classEvent0Stat.html" title="Event0Stat" alt="" coords="255,56,340,83">
<area shape="rect" href="$classEvent1.html" title="Event1\&lt; T, OBJ, U1, T1 \&gt;" alt="" coords="211,107,384,133">
<area shape="rect" href="$classEvent1Stat.html" title="Event1Stat\&lt; U1, T1 \&gt;" alt="" coords="223,157,372,184">
<area shape="rect" href="$classEvent2.html" title="Event2\&lt; T, OBJ, U1, T1, U2, T2 \&gt;" alt="" coords="187,208,408,235">
<area shape="rect" href="$classEvent2Stat.html" title="Event2Stat\&lt; U1, T1, U2, T2 \&gt;" alt="" coords="200,259,395,285">
<area shape="rect" href="$classEvent3.html" title="Event3\&lt; T, OBJ, U1, T1, U2, T2, U3, T3 \&gt;" alt="" coords="164,309,431,336">
<area shape="rect" href="$classEvent3Stat.html" title="Event3Stat\&lt; U1, T1, U2, T2, U3, T3 \&gt;" alt="" coords="176,360,419,387">
<area shape="rect" href="$classEvent4.html" title="Event4\&lt; T, OBJ, U1, T1, U2, T2, U3, T3, U4, T4 \&gt;" alt="" coords="140,411,455,437">
<area shape="rect" href="$classEvent4Stat.html" title="Event4Stat\&lt; U1, T1, U2, T2, U3, T3, U4, T4 \&gt;" alt="" coords="152,461,443,488">
<area shape="rect" href="$classEventId.html" title="EventId" alt="" coords="264,512,331,539">
