<area shape="rect" href="$classComponent.html" title="Component" alt="" coords="5,208,93,235">
<area shape="rect" href="$classNetworkComponent.html" title="NetworkComponent" alt="" coords="143,208,276,235">
<area shape="rect" href="$classInterface.html" title="Interface" alt="" coords="329,56,401,83">
<area shape="rect" href="$classIrisLink.html" title="IrisLink" alt="" coords="333,157,397,184">
<area shape="rect" href="$classProcessor.html" title="Processor" alt="" coords="325,259,405,285">
<area shape="rect" href="$classRouter.html" title="Router" alt="" coords="336,512,395,539">
<area shape="rect" href="$classGenericInterfaceNB.html" title="GenericInterfaceNB" alt="" coords="457,5,593,32">
<area shape="rect" href="$classGenericInterfacePhy.html" title="GenericInterfacePhy" alt="" coords="456,56,595,83">
<area shape="rect" href="$classGenericLink.html" title="GenericLink" alt="" coords="480,107,571,133">
<area shape="rect" href="$classGenericFlatMc.html" title="GenericFlatMc" alt="" coords="472,157,579,184">
<area shape="rect" href="$classGenericPktGen.html" title="GenericPktGen" alt="" coords="471,208,580,235">
<area shape="rect" href="$classGenericRPG.html" title="GenericRPG" alt="" coords="479,259,572,285">
<area shape="rect" href="$classGenericSink.html" title="GenericSink" alt="" coords="480,309,571,336">
<area shape="rect" href="$classGenericTracePktGen.html" title="GenericTracePktGen" alt="" coords="455,360,596,387">
<area shape="rect" href="$classMcFrontEnd.html" title="McFrontEnd" alt="" coords="480,411,571,437">
<area shape="rect" href="$classGenericRouter4Stg.html" title="GenericRouter4Stg" alt="" coords="460,461,591,488">
<area shape="rect" href="$classGenericRouterPhy.html" title="GenericRouterPhy" alt="" coords="461,512,589,539">
<area shape="rect" href="$classRouterReqReply.html" title="RouterReqReply" alt="" coords="468,563,583,589">
<area shape="rect" href="$classRouterVcMP.html" title="RouterVcMP" alt="" coords="477,613,573,640">
