<area shape="rect" href="$interface_8h.html" title="interface.h" alt="" coords="252,80,335,107">
<area shape="rect" href="$networkComponent_8h.html" title="networkComponent.h" alt="" coords="112,229,256,256">
<area shape="rect" href="$irisEvent_8h.html" title="../../data_types/impl/irisEvent.h" alt="" coords="181,304,384,331">
<area shape="rect" href="$buffer_8h.html" title="buffer.h" alt="" coords="509,229,573,256">
<area shape="rect" href="$irisLink_8h.html" title="irisLink.h" alt="" coords="221,155,293,181">
<area shape="rect" href="$component_8h.html" title="../../../kernel/component.h" alt="" coords="20,379,191,405">
<area shape="rect" href="$simIrisComponentHeader_8h.html" title="../../../util/simIrisComponentHeader.h" alt="" coords="569,379,804,405">
<area shape="rect" href="$simulator_8h.html" title="simulator.h" alt="" coords="251,528,333,555">
<area shape="rect" href="$link_8h.html" title="link.h" alt="" coords="87,453,137,480">
<area shape="rect" href="$genericEvents_8h.html" title="genericEvents.h" alt="" coords="473,453,588,480">
<area shape="rect" href="$flit_8h.html" title="../../data_types/impl/flit.h" alt="" coords="459,304,624,331">
