<area shape="rect" href="$component_8h.html" title="../../kernel/component.h" alt="" coords="245,229,405,256">
<area shape="rect" href="$simulator_8h.html" title="simulator.h" alt="" coords="355,379,437,405">
<area shape="rect" href="$config__params_8h.html" title="../../util/config_params.h" alt="" coords="860,80,1023,107">
<area shape="rect" href="$mc__constants_8h.html" title="mc_constants.h" alt="" coords="979,155,1093,181">
<area shape="rect" href="$irisEvent_8h.html" title="../../simIris/data_types/impl/irisEvent.h" alt="" coords="247,155,492,181">
<area shape="rect" href="$link_8h.html" title="link.h" alt="" coords="411,304,461,331">
<area shape="rect" href="$simIrisComponentHeader_8h.html" title="simIrisComponentHeader.h" alt="" coords="768,304,944,331">
<area shape="rect" href="$genericData_8h.html" title="genericData.h" alt="" coords="803,155,904,181">
<area shape="rect" href="$stats_8h.html" title="stats.h" alt="" coords="752,229,813,256">
<area shape="rect" href="$genericEvents_8h.html" title="genericEvents.h" alt="" coords="688,379,803,405">
<area shape="rect" href="$flit_8h.html" title="../simIris/data_types/impl/flit.h" alt="" coords="480,229,677,256">
