<area shape="rect" href="$mesh_8h.html" title="mesh.h" alt="" coords="1676,80,1740,107">
<area shape="rect" href="$genericData_8h.html" title="../../../util/genericData.h" alt="" coords="1404,453,1561,480">
<area shape="rect" href="$genericFlatMc_8h.html" title="../../simIris/components/impl/genericFlatMc.h" alt="" coords="2664,229,2947,256">
<area shape="rect" href="$config__params_8h.html" title="../../util/config_params.h" alt="" coords="93,304,256,331">
<area shape="rect" href="$topology_8h.html" title="topology.h" alt="" coords="1668,155,1748,181">
<area shape="rect" href="$genericRouterPhy_8h.html" title="../../simIris/components/impl/genericRouterPhy.h" alt="" coords="381,304,685,331">
<area shape="rect" href="$flit_8h.html" title="../../data_types/impl/flit.h" alt="" coords="2184,603,2349,629">
<area shape="rect" href="$genericLink_8h.html" title="genericLink.h" alt="" coords="1147,379,1245,405">
<area shape="rect" href="$routerVcMP_8h.html" title="../../simIris/components/impl/routerVcMP.h" alt="" coords="709,304,979,331">
<area shape="rect" href="$routerReqReply_8h.html" title="../../simIris/components/impl/routerReqReply.h" alt="" coords="1003,304,1293,331">
<area shape="rect" href="$genericInterfaceNB_8h.html" title="../../simIris/components/impl/genericInterfaceNB.h" alt="" coords="1621,304,1933,331">
<area shape="rect" href="$highLevelPacket_8h.html" title="../../data_types/impl/highLevelPacket.h" alt="" coords="2475,379,2723,405">
<area shape="rect" href="$genericTracePktGen_8h.html" title="../../simIris/components/impl/genericTracePktGen.h" alt="" coords="3021,229,3341,256">
<area shape="rect" href="$genericPktGen_8h.html" title="../../simIris/components/impl/genericPktGen.h" alt="" coords="2352,229,2640,256">
<area shape="rect" href="$genericSink_8h.html" title="../../simIris/components/impl/genericSink.h" alt="" coords="2008,229,2277,256">
<area shape="rect" href="$mcFrontEnd_8h.html" title="../../simIris/components/impl/mcFrontEnd.h" alt="" coords="2261,304,2533,331">
<area shape="rect" href="$stats_8h.html" title="../../../util/stats.h" alt="" coords="943,379,1060,405">
<area shape="rect" href="$simIrisComponentHeader_8h.html" title="../../../util/simIrisComponentHeader.h" alt="" coords="1883,677,2117,704">
<area shape="rect" href="$simulator_8h.html" title="simulator.h" alt="" coords="2237,752,2320,779">
<area shape="rect" href="$genericEvents_8h.html" title="genericEvents.h" alt="" coords="2056,752,2171,779">
<area shape="rect" href="$irisEvent_8h.html" title="../../data_types/impl/irisEvent.h" alt="" coords="1856,603,2059,629">
<area shape="rect" href="$interface_8h.html" title="../interfaces/interface.h" alt="" coords="1824,453,1979,480">
<area shape="rect" href="$networkComponent_8h.html" title="networkComponent.h" alt="" coords="2085,528,2229,555">
<area shape="rect" href="$buffer_8h.html" title="../interfaces/buffer.h" alt="" coords="1773,528,1909,555">
<area shape="rect" href="$processor_8h.html" title="../interfaces/processor.h" alt="" coords="2088,379,2248,405">
<area shape="rect" href="$mc__constants_8h.html" title="../../../util/mc_constants.h" alt="" coords="2797,379,2968,405">
