<area shape="rect" href="$manifold__fullsim_8cc.html#bb4b863ca4fbb167c2f78c8ad25f16cd" title="banner" alt="" coords="169,5,228,32">
<area shape="rect" href="$manifold__fullsim_8cc.html#8cf40713cf8239d39ed7d0967eec7cf4" title="exit_now" alt="" coords="163,56,235,83">
<area shape="rect" href="$manifold__fullsim_8cc.html#ebded8bcfea50ac2770a680b87509424" title="sim_print_stats" alt="" coords="401,56,511,83">
<area shape="rect" href="$config__params_8h.html#a91b414eca2957d22f6a86c695a803c6" title="init_dram_timing_parameters" alt="" coords="105,157,292,184">
<area shape="rect" href="$manifold__fullsim_8cc.html#9ceb71c1e1d68963b68464d4bd3aed81" title="iris_init" alt="" coords="168,208,229,235">
<area shape="rect" href="$manifold__fullsim_8cc.html#d19171e1b27b0a7fdfc596c57f02f729" title="iris_process_options" alt="" coords="129,259,268,285">
<area shape="rect" href="$manifold__fullsim_8cc.html#83995bc1d7a29f4a3f671918e86f8eaa" title="orphan_fn" alt="" coords="160,309,237,336">
<area shape="rect" href="$classSimulator.html#27e7045e7aa4e29e9d2003aaa09c8326" title="Simulator::Run" alt="" coords="145,360,252,387">
<area shape="rect" href="$manifold__fullsim_8cc.html#eb90a8280771250c1a9ee1d7518cbf63" title="signal_exit_now" alt="" coords="143,411,255,437">
<area shape="rect" href="$manifold__fullsim_8cc.html#206bcb38d2bf43a4c9e8e82d038f1643" title="signal_sim_stats" alt="" coords="139,461,259,488">
<area shape="rect" href="$classSimulator.html#5611e1169517890edfeeb33f91281dd8" title="Simulator::StopAt" alt="" coords="137,512,260,539">
<area shape="rect" href="$manifold__fullsim_8cc.html#4b40663cf65d8f5b9ef33ac7cdad3ea2" title="usage" alt="" coords="171,563,227,589">
<area shape="rect" href="$classMesh.html#eea84429f858784c6232e5633603fdf8" title="Mesh::print_stats" alt="" coords="619,56,741,83">
<area shape="rect" href="$classMesh.html#9dfad9769d936905f5d8b0e4ffad6743" title="Mesh::connect_interface_processor" alt="" coords="343,107,569,133">
<area shape="rect" href="$classMesh.html#0bee0b7a3c9b621524748a97a3575db7" title="Mesh::connect_interface_routers" alt="" coords="351,157,561,184">
<area shape="rect" href="$classMesh.html#fea2e233774ea469b02cff87afc336bc" title="Mesh::connect_routers" alt="" coords="379,208,533,235">
<area shape="rect" href="$classMesh.html#678dc93df5115714b2d2e9a5932692db" title="Mesh::init" alt="" coords="417,259,495,285">
<area shape="rect" href="$classMesh.html#5c83ba3ef93b8ab63084b9c45082c7e9" title="Mesh::setup" alt="" coords="409,309,503,336">
<area shape="rect" href="$classEventBase.html#121ca64dec88c8d9589c064b0060d037" title="EventBase::CallHandler" alt="" coords="376,360,536,387">
<area shape="rect" href="$classSimulator.html#2b4be0a76ed9915d4c1c861386d666bc" title="Simulator::Schedule" alt="" coords="387,487,525,513">
<area shape="rect" href="$classSimulator.html#d493423e80256f53c715bb59c16ec78e" title="Simulator::Stop" alt="" coords="400,537,512,564">
