<area shape="rect" href="$topology_8h.html" title="topology.h" alt="" coords="2123,229,2203,256">
<area shape="rect" href="$flit_8h.html" title="../../data_types/impl/flit.h" alt="" coords="1348,603,1513,629">
<area shape="rect" href="$genericData_8h.html" title="../../../util/genericData.h" alt="" coords="1628,528,1785,555">
<area shape="rect" href="$stats_8h.html" title="../../../util/stats.h" alt="" coords="2867,453,2984,480">
<area shape="rect" href="$highLevelPacket_8h.html" title="../../data_types/impl/highLevelPacket.h" alt="" coords="648,453,896,480">
<area shape="rect" href="$mesh_8h.html" title="mesh.h" alt="" coords="2172,155,2236,181">
<area shape="rect" href="$torus_8h.html" title="torus.h" alt="" coords="2311,155,2372,181">
<area shape="rect" href="$ring_8h.html" title="ring.h" alt="" coords="2095,155,2148,181">
<area shape="rect" href="$visual_8h.html" title="visual.h" alt="" coords="2239,80,2305,107">
<area shape="rect" href="$config__params_8h.html" title="../../util/config_params.h" alt="" coords="2080,379,2243,405">
<area shape="rect" href="$genericRouterPhy_8h.html" title="../../simIris/components/impl/genericRouterPhy.h" alt="" coords="2267,379,2571,405">
<area shape="rect" href="$genericLink_8h.html" title="genericLink.h" alt="" coords="1845,453,1944,480">
<area shape="rect" href="$routerVcMP_8h.html" title="../../simIris/components/impl/routerVcMP.h" alt="" coords="2632,379,2901,405">
<area shape="rect" href="$routerReqReply_8h.html" title="../../simIris/components/impl/routerReqReply.h" alt="" coords="2925,379,3216,405">
<area shape="rect" href="$genericInterfaceNB_8h.html" title="../../simIris/components/impl/genericInterfaceNB.h" alt="" coords="1643,379,1955,405">
<area shape="rect" href="$genericTracePktGen_8h.html" title="../../simIris/components/impl/genericTracePktGen.h" alt="" coords="347,304,667,331">
<area shape="rect" href="$genericPktGen_8h.html" title="../../simIris/components/impl/genericPktGen.h" alt="" coords="691,304,979,331">
<area shape="rect" href="$genericFlatMc_8h.html" title="../../simIris/components/impl/genericFlatMc.h" alt="" coords="1665,304,1948,331">
<area shape="rect" href="$genericSink_8h.html" title="../../simIris/components/impl/genericSink.h" alt="" coords="1321,304,1591,331">
<area shape="rect" href="$mcFrontEnd_8h.html" title="../../simIris/components/impl/mcFrontEnd.h" alt="" coords="941,379,1213,405">
<area shape="rect" href="$router_8h.html" title="../interfaces/router.h" alt="" coords="2245,453,2381,480">
<area shape="rect" href="$genericBuffer_8h.html" title="genericBuffer.h" alt="" coords="2736,453,2843,480">
<area shape="rect" href="$genericRC_8h.html" title="genericRC.h" alt="" coords="1968,453,2059,480">
<area shape="rect" href="$ptop__swa_8h.html" title="ptop_swa.h" alt="" coords="2083,453,2171,480">
<area shape="rect" href="$genericCrossbar_8h.html" title="genericCrossbar.h" alt="" coords="3008,453,3133,480">
<area shape="rect" href="$simIrisComponentHeader_8h.html" title="../../../util/simIrisComponentHeader.h" alt="" coords="1168,677,1403,704">
<area shape="rect" href="$simulator_8h.html" title="simulator.h" alt="" coords="1167,752,1249,779">
<area shape="rect" href="$lowLevelPacket_8h.html" title="../../data_types/impl/lowLevelPacket.h" alt="" coords="901,528,1144,555">
<area shape="rect" href="$genericVcAllocator_8h.html" title="genericVcAllocator.h" alt="" coords="3157,453,3296,480">
<area shape="rect" href="$ptopSwaVcs_8h.html" title="ptopSwaVcs.h" alt="" coords="2456,453,2560,480">
<area shape="rect" href="$mc__constants_8h.html" title="../../../util/mc_constants.h" alt="" coords="403,453,573,480">
