<area shape="rect" href="$mcFrontEnd_8h.html" title="mcFrontEnd.h" alt="" coords="1167,80,1271,107">
<area shape="rect" href="$processor_8h.html" title="../interfaces/processor.h" alt="" coords="137,155,297,181">
<area shape="rect" href="$irisEvent_8h.html" title="../../data_types/impl/irisEvent.h" alt="" coords="17,453,220,480">
<area shape="rect" href="$highLevelPacket_8h.html" title="../../data_types/impl/highLevelPacket.h" alt="" coords="933,304,1181,331">
<area shape="rect" href="$genericData_8h.html" title="../../../util/genericData.h" alt="" coords="1129,379,1287,405">
<area shape="rect" href="$mc__constants_8h.html" title="../../../util/mc_constants.h" alt="" coords="1412,453,1583,480">
<area shape="rect" href="$networkComponent_8h.html" title="networkComponent.h" alt="" coords="164,379,308,405">
<area shape="rect" href="$interface_8h.html" title="interface.h" alt="" coords="215,229,297,256">
<area shape="rect" href="$component_8h.html" title="../../../kernel/component.h" alt="" coords="221,528,392,555">
<area shape="rect" href="$simIrisComponentHeader_8h.html" title="../../../util/simIrisComponentHeader.h" alt="" coords="884,528,1119,555">
<area shape="rect" href="$simulator_8h.html" title="simulator.h" alt="" coords="716,677,799,704">
<area shape="rect" href="$link_8h.html" title="link.h" alt="" coords="464,603,515,629">
<area shape="rect" href="$genericEvents_8h.html" title="genericEvents.h" alt="" coords="965,603,1080,629">
<area shape="rect" href="$buffer_8h.html" title="buffer.h" alt="" coords="969,379,1033,405">
<area shape="rect" href="$irisLink_8h.html" title="irisLink.h" alt="" coords="265,304,337,331">
<area shape="rect" href="$flit_8h.html" title="../../data_types/impl/flit.h" alt="" coords="919,453,1084,480">
<area shape="rect" href="$lowLevelPacket_8h.html" title="lowLevelPacket.h" alt="" coords="769,379,892,405">
