<area shape="rect" href="$processor_8h.html" title="../interfaces/processor.h" alt="" coords="137,80,297,107">
<area shape="rect" href="$irisEvent_8h.html" title="../../data_types/impl/irisEvent.h" alt="" coords="17,379,220,405">
<area shape="rect" href="$highLevelPacket_8h.html" title="../../data_types/impl/highLevelPacket.h" alt="" coords="933,229,1181,256">
<area shape="rect" href="$genericData_8h.html" title="../../../util/genericData.h" alt="" coords="1129,304,1287,331">
<area shape="rect" href="$mc__constants_8h.html" title="../../../util/mc_constants.h" alt="" coords="1412,379,1583,405">
<area shape="rect" href="$networkComponent_8h.html" title="networkComponent.h" alt="" coords="164,304,308,331">
<area shape="rect" href="$interface_8h.html" title="interface.h" alt="" coords="215,155,297,181">
<area shape="rect" href="$component_8h.html" title="../../../kernel/component.h" alt="" coords="221,453,392,480">
<area shape="rect" href="$simIrisComponentHeader_8h.html" title="../../../util/simIrisComponentHeader.h" alt="" coords="884,453,1119,480">
<area shape="rect" href="$simulator_8h.html" title="simulator.h" alt="" coords="716,603,799,629">
<area shape="rect" href="$link_8h.html" title="link.h" alt="" coords="464,528,515,555">
<area shape="rect" href="$genericEvents_8h.html" title="genericEvents.h" alt="" coords="965,528,1080,555">
<area shape="rect" href="$buffer_8h.html" title="buffer.h" alt="" coords="969,304,1033,331">
<area shape="rect" href="$irisLink_8h.html" title="irisLink.h" alt="" coords="265,229,337,256">
<area shape="rect" href="$flit_8h.html" title="../../data_types/impl/flit.h" alt="" coords="919,379,1084,405">
<area shape="rect" href="$lowLevelPacket_8h.html" title="lowLevelPacket.h" alt="" coords="769,304,892,331">
