<area shape="rect" href="$topology_8h.html" title="topology.h" alt="" coords="3557,80,3637,107">
<area shape="rect" href="$genericRouterPhy_8h.html" title="../../simIris/components/impl/genericRouterPhy.h" alt="" coords="1760,229,2064,256">
<area shape="rect" href="$flit_8h.html" title="../../data_types/impl/flit.h" alt="" coords="1963,528,2128,555">
<area shape="rect" href="$genericData_8h.html" title="../../../util/genericData.h" alt="" coords="2064,379,2221,405">
<area shape="rect" href="$genericLink_8h.html" title="genericLink.h" alt="" coords="2208,304,2307,331">
<area shape="rect" href="$routerVcMP_8h.html" title="../../simIris/components/impl/routerVcMP.h" alt="" coords="1365,229,1635,256">
<area shape="rect" href="$routerReqReply_8h.html" title="../../simIris/components/impl/routerReqReply.h" alt="" coords="1051,229,1341,256">
<area shape="rect" href="$genericInterfaceNB_8h.html" title="../../simIris/components/impl/genericInterfaceNB.h" alt="" coords="2213,229,2525,256">
<area shape="rect" href="$highLevelPacket_8h.html" title="../../data_types/impl/highLevelPacket.h" alt="" coords="3197,304,3445,331">
<area shape="rect" href="$genericTracePktGen_8h.html" title="../../simIris/components/impl/genericTracePktGen.h" alt="" coords="3601,155,3921,181">
<area shape="rect" href="$genericPktGen_8h.html" title="../../simIris/components/impl/genericPktGen.h" alt="" coords="3289,155,3577,181">
<area shape="rect" href="$genericFlatMc_8h.html" title="../../simIris/components/impl/genericFlatMc.h" alt="" coords="2687,155,2969,181">
<area shape="rect" href="$genericSink_8h.html" title="../../simIris/components/impl/genericSink.h" alt="" coords="2393,155,2663,181">
<area shape="rect" href="$mcFrontEnd_8h.html" title="../../simIris/components/impl/mcFrontEnd.h" alt="" coords="2993,155,3265,181">
<area shape="rect" href="$router_8h.html" title="../interfaces/router.h" alt="" coords="1432,304,1568,331">
<area shape="rect" href="$genericBuffer_8h.html" title="genericBuffer.h" alt="" coords="1976,304,2083,331">
<area shape="rect" href="$genericRC_8h.html" title="genericRC.h" alt="" coords="1861,304,1952,331">
<area shape="rect" href="$ptop__swa_8h.html" title="ptop_swa.h" alt="" coords="1699,304,1787,331">
<area shape="rect" href="$genericCrossbar_8h.html" title="genericCrossbar.h" alt="" coords="560,304,685,331">
<area shape="rect" href="$stats_8h.html" title="../../../util/stats.h" alt="" coords="709,304,827,331">
<area shape="rect" href="$networkComponent_8h.html" title="networkComponent.h" alt="" coords="1561,453,1705,480">
<area shape="rect" href="$irisEvent_8h.html" title="../../data_types/impl/irisEvent.h" alt="" coords="2504,528,2707,555">
<area shape="rect" href="$buffer_8h.html" title="../interfaces/buffer.h" alt="" coords="2432,453,2568,480">
<area shape="rect" href="$genericVcAllocator_8h.html" title="genericVcAllocator.h" alt="" coords="1091,304,1229,331">
<area shape="rect" href="$ptopSwaVcs_8h.html" title="ptopSwaVcs.h" alt="" coords="1304,304,1408,331">
<area shape="rect" href="$vcaMsgAware_8h.html" title="vcaMsgAware.h" alt="" coords="952,304,1067,331">
<area shape="rect" href="$interface_8h.html" title="../interfaces/interface.h" alt="" coords="2615,379,2769,405">
<area shape="rect" href="$processor_8h.html" title="../interfaces/processor.h" alt="" coords="2917,304,3077,331">
<area shape="rect" href="$genericArbiter_8h.html" title="genericArbiter.h" alt="" coords="2296,453,2408,480">
<area shape="rect" href="$mc__constants_8h.html" title="../../../util/mc_constants.h" alt="" coords="3616,229,3787,256">
