<area shape="rect" href="$networkComponent_8h.html" title="networkComponent.h" alt="" coords="327,229,471,256">
<area shape="rect" href="$irisEvent_8h.html" title="../../data_types/impl/irisEvent.h" alt="" coords="545,304,748,331">
<area shape="rect" href="$interface_8h.html" title="interface.h" alt="" coords="429,80,512,107">
<area shape="rect" href="$component_8h.html" title="../../../kernel/component.h" alt="" coords="635,379,805,405">
<area shape="rect" href="$simIrisComponentHeader_8h.html" title="../../../util/simIrisComponentHeader.h" alt="" coords="21,379,256,405">
<area shape="rect" href="$simulator_8h.html" title="simulator.h" alt="" coords="499,528,581,555">
<area shape="rect" href="$link_8h.html" title="link.h" alt="" coords="695,453,745,480">
<area shape="rect" href="$genericEvents_8h.html" title="genericEvents.h" alt="" coords="389,453,504,480">
<area shape="rect" href="$buffer_8h.html" title="buffer.h" alt="" coords="217,229,281,256">
<area shape="rect" href="$irisLink_8h.html" title="irisLink.h" alt="" coords="472,155,544,181">
<area shape="rect" href="$flit_8h.html" title="../../data_types/impl/flit.h" alt="" coords="167,304,332,331">
