<area shape="rect" href="$networkComponent_8h.html" title="../interfaces/networkComponent.h" alt="" coords="365,80,581,107">
<area shape="rect" href="$flit_8h.html" title="../../data_types/impl/flit.h" alt="" coords="713,155,879,181">
<area shape="rect" href="$genericData_8h.html" title="../../../util/genericData.h" alt="" coords="731,80,888,107">
<area shape="rect" href="$component_8h.html" title="../../../kernel/component.h" alt="" coords="36,229,207,256">
<area shape="rect" href="$simIrisComponentHeader_8h.html" title="../../../util/simIrisComponentHeader.h" alt="" coords="551,229,785,256">
<area shape="rect" href="$irisEvent_8h.html" title="../../data_types/impl/irisEvent.h" alt="" coords="348,155,551,181">
<area shape="rect" href="$simulator_8h.html" title="simulator.h" alt="" coords="251,379,333,405">
<area shape="rect" href="$link_8h.html" title="link.h" alt="" coords="87,304,137,331">
<area shape="rect" href="$genericEvents_8h.html" title="genericEvents.h" alt="" coords="404,304,519,331">
