<area shape="rect" href="$routerVcMP_8h.html" title="routerVcMP.h" alt="" coords="1227,80,1325,107">
<area shape="rect" href="$router_8h.html" title="../interfaces/router.h" alt="" coords="1339,155,1475,181">
<area shape="rect" href="$genericBuffer_8h.html" title="genericBuffer.h" alt="" coords="440,229,547,256">
<area shape="rect" href="$genericRC_8h.html" title="genericRC.h" alt="" coords="825,229,916,256">
<area shape="rect" href="$genericData_8h.html" title="../../../util/genericData.h" alt="" coords="908,304,1065,331">
<area shape="rect" href="$genericVcAllocator_8h.html" title="genericVcAllocator.h" alt="" coords="1075,229,1213,256">
<area shape="rect" href="$ptopSwaVcs_8h.html" title="ptopSwaVcs.h" alt="" coords="1291,229,1395,256">
<area shape="rect" href="$genericCrossbar_8h.html" title="genericCrossbar.h" alt="" coords="1735,229,1860,256">
<area shape="rect" href="$stats_8h.html" title="../../../util/stats.h" alt="" coords="1839,453,1956,480">
<area shape="rect" href="$genericLink_8h.html" title="genericLink.h" alt="" coords="1499,155,1597,181">
<area shape="rect" href="$networkComponent_8h.html" title="networkComponent.h" alt="" coords="1468,304,1612,331">
<area shape="rect" href="$component_8h.html" title="../../../kernel/component.h" alt="" coords="1553,453,1724,480">
<area shape="rect" href="$simIrisComponentHeader_8h.html" title="../../../util/simIrisComponentHeader.h" alt="" coords="975,453,1209,480">
<area shape="rect" href="$irisEvent_8h.html" title="../../data_types/impl/irisEvent.h" alt="" coords="1359,379,1561,405">
<area shape="rect" href="$simulator_8h.html" title="simulator.h" alt="" coords="1236,603,1319,629">
<area shape="rect" href="$link_8h.html" title="link.h" alt="" coords="1603,528,1653,555">
<area shape="rect" href="$genericEvents_8h.html" title="genericEvents.h" alt="" coords="1233,528,1348,555">
<area shape="rect" href="$buffer_8h.html" title="../interfaces/buffer.h" alt="" coords="425,304,561,331">
<area shape="rect" href="$flit_8h.html" title="../../data_types/impl/flit.h" alt="" coords="851,379,1016,405">
<area shape="rect" href="$addressDecoder_8h.html" title="../interfaces/addressDecoder.h" alt="" coords="636,304,833,331">
<area shape="rect" href="$lowLevelPacket_8h.html" title="../../data_types/impl/lowLevelPacket.h" alt="" coords="159,304,401,331">
<area shape="rect" href="$crossbar_8h.html" title="../interfaces/crossbar.h" alt="" coords="1239,304,1393,331">
<area shape="rect" href="$irisLink_8h.html" title="../interfaces/irisLink.h" alt="" coords="1475,229,1621,256">
