<area shape="rect" href="$genericRouterPhy_8h.html" title="../../simIris/components/impl/genericRouterPhy.h" alt="" coords="1555,155,1859,181">
<area shape="rect" href="$flit_8h.html" title="../../data_types/impl/flit.h" alt="" coords="2183,453,2348,480">
<area shape="rect" href="$genericData_8h.html" title="../../../util/genericData.h" alt="" coords="2352,304,2509,331">
<area shape="rect" href="$genericLink_8h.html" title="genericLink.h" alt="" coords="1811,229,1909,256">
<area shape="rect" href="$routerVcMP_8h.html" title="../../simIris/components/impl/routerVcMP.h" alt="" coords="947,155,1216,181">
<area shape="rect" href="$routerReqReply_8h.html" title="../../simIris/components/impl/routerReqReply.h" alt="" coords="1240,155,1531,181">
<area shape="rect" href="$genericInterfaceNB_8h.html" title="../../simIris/components/impl/genericInterfaceNB.h" alt="" coords="2388,155,2700,181">
<area shape="rect" href="$highLevelPacket_8h.html" title="../../data_types/impl/highLevelPacket.h" alt="" coords="3355,229,3603,256">
<area shape="rect" href="$genericTracePktGen_8h.html" title="../../simIris/components/impl/genericTracePktGen.h" alt="" coords="3672,80,3992,107">
<area shape="rect" href="$genericPktGen_8h.html" title="../../simIris/components/impl/genericPktGen.h" alt="" coords="3356,80,3644,107">
<area shape="rect" href="$genericFlatMc_8h.html" title="../../simIris/components/impl/genericFlatMc.h" alt="" coords="2753,80,3036,107">
<area shape="rect" href="$genericSink_8h.html" title="../../simIris/components/impl/genericSink.h" alt="" coords="2460,80,2729,107">
<area shape="rect" href="$mcFrontEnd_8h.html" title="../../simIris/components/impl/mcFrontEnd.h" alt="" coords="3060,80,3332,107">
<area shape="rect" href="$router_8h.html" title="../interfaces/router.h" alt="" coords="1400,229,1536,256">
<area shape="rect" href="$genericBuffer_8h.html" title="genericBuffer.h" alt="" coords="2136,229,2243,256">
<area shape="rect" href="$genericRC_8h.html" title="genericRC.h" alt="" coords="2317,229,2408,256">
<area shape="rect" href="$ptop__swa_8h.html" title="ptop_swa.h" alt="" coords="1699,229,1787,256">
<area shape="rect" href="$genericCrossbar_8h.html" title="genericCrossbar.h" alt="" coords="667,229,792,256">
<area shape="rect" href="$stats_8h.html" title="../../../util/stats.h" alt="" coords="816,229,933,256">
<area shape="rect" href="$networkComponent_8h.html" title="networkComponent.h" alt="" coords="1620,379,1764,405">
<area shape="rect" href="$irisEvent_8h.html" title="../../data_types/impl/irisEvent.h" alt="" coords="2663,453,2865,480">
<area shape="rect" href="$buffer_8h.html" title="../interfaces/buffer.h" alt="" coords="2404,379,2540,405">
<area shape="rect" href="$genericVcAllocator_8h.html" title="genericVcAllocator.h" alt="" coords="1008,229,1147,256">
<area shape="rect" href="$ptopSwaVcs_8h.html" title="ptopSwaVcs.h" alt="" coords="1272,229,1376,256">
<area shape="rect" href="$vcaMsgAware_8h.html" title="vcaMsgAware.h" alt="" coords="1560,229,1675,256">
<area shape="rect" href="$interface_8h.html" title="../interfaces/interface.h" alt="" coords="2787,304,2941,331">
<area shape="rect" href="$processor_8h.html" title="../interfaces/processor.h" alt="" coords="3120,229,3280,256">
<area shape="rect" href="$genericArbiter_8h.html" title="genericArbiter.h" alt="" coords="2564,379,2676,405">
<area shape="rect" href="$mc__constants_8h.html" title="../../../util/mc_constants.h" alt="" coords="3569,155,3740,181">
