<area shape="rect" href="$visual_8h.html" title="visual.h" alt="" coords="2621,80,2688,107">
<area shape="rect" href="$mesh_8h.html" title="mesh.h" alt="" coords="2709,155,2773,181">
<area shape="rect" href="$topology_8h.html" title="topology.h" alt="" coords="2615,229,2695,256">
<area shape="rect" href="$torus_8h.html" title="torus.h" alt="" coords="2624,155,2685,181">
<area shape="rect" href="$genericRouterPhy_8h.html" title="../../simIris/components/impl/genericRouterPhy.h" alt="" coords="741,379,1045,405">
<area shape="rect" href="$flit_8h.html" title="../../data_types/impl/flit.h" alt="" coords="1453,677,1619,704">
<area shape="rect" href="$genericData_8h.html" title="../../../util/genericData.h" alt="" coords="1949,528,2107,555">
<area shape="rect" href="$genericLink_8h.html" title="genericLink.h" alt="" coords="1999,453,2097,480">
<area shape="rect" href="$routerVcMP_8h.html" title="../../simIris/components/impl/routerVcMP.h" alt="" coords="1536,379,1805,405">
<area shape="rect" href="$routerReqReply_8h.html" title="../../simIris/components/impl/routerReqReply.h" alt="" coords="1221,379,1512,405">
<area shape="rect" href="$genericInterfaceNB_8h.html" title="../../simIris/components/impl/genericInterfaceNB.h" alt="" coords="2868,379,3180,405">
<area shape="rect" href="$highLevelPacket_8h.html" title="../../data_types/impl/highLevelPacket.h" alt="" coords="3348,453,3596,480">
<area shape="rect" href="$genericTracePktGen_8h.html" title="../../simIris/components/impl/genericTracePktGen.h" alt="" coords="2593,304,2913,331">
<area shape="rect" href="$genericPktGen_8h.html" title="../../simIris/components/impl/genericPktGen.h" alt="" coords="2180,304,2468,331">
<area shape="rect" href="$genericFlatMc_8h.html" title="../../simIris/components/impl/genericFlatMc.h" alt="" coords="2937,304,3220,331">
<area shape="rect" href="$genericSink_8h.html" title="../../simIris/components/impl/genericSink.h" alt="" coords="3244,304,3513,331">
<area shape="rect" href="$mcFrontEnd_8h.html" title="../../simIris/components/impl/mcFrontEnd.h" alt="" coords="2180,379,2452,405">
<area shape="rect" href="$router_8h.html" title="../interfaces/router.h" alt="" coords="759,453,895,480">
<area shape="rect" href="$genericBuffer_8h.html" title="genericBuffer.h" alt="" coords="1313,453,1420,480">
<area shape="rect" href="$genericRC_8h.html" title="genericRC.h" alt="" coords="1199,453,1289,480">
<area shape="rect" href="$ptop__swa_8h.html" title="ptop_swa.h" alt="" coords="188,453,276,480">
<area shape="rect" href="$genericCrossbar_8h.html" title="genericCrossbar.h" alt="" coords="609,453,735,480">
<area shape="rect" href="$stats_8h.html" title="../../../util/stats.h" alt="" coords="919,453,1036,480">
<area shape="rect" href="$networkComponent_8h.html" title="networkComponent.h" alt="" coords="1895,603,2039,629">
<area shape="rect" href="$irisEvent_8h.html" title="../../data_types/impl/irisEvent.h" alt="" coords="2144,677,2347,704">
<area shape="rect" href="$buffer_8h.html" title="../interfaces/buffer.h" alt="" coords="2333,603,2469,629">
<area shape="rect" href="$genericVcAllocator_8h.html" title="genericVcAllocator.h" alt="" coords="1495,453,1633,480">
<area shape="rect" href="$ptopSwaVcs_8h.html" title="ptopSwaVcs.h" alt="" coords="1657,453,1761,480">
<area shape="rect" href="$vcaMsgAware_8h.html" title="vcaMsgAware.h" alt="" coords="1060,453,1175,480">
<area shape="rect" href="$interface_8h.html" title="../interfaces/interface.h" alt="" coords="2333,528,2488,555">
<area shape="rect" href="$processor_8h.html" title="../interfaces/processor.h" alt="" coords="2577,453,2737,480">
<area shape="rect" href="$genericArbiter_8h.html" title="genericArbiter.h" alt="" coords="2964,603,3076,629">
